#
# There is insufficient memory for the Java Runtime Environment to continue.
# Native memory allocation (malloc) failed to allocate 508376 bytes. Error detail: Chunk::new
# Possible reasons:
#   The system is out of physical RAM or swap space
#   This process is running with CompressedOops enabled, and the Java Heap may be blocking the growth of the native heap
# Possible solutions:
#   Reduce memory load on the system
#   Increase physical memory or swap space
#   Check if swap backing store is full
#   Decrease Java heap size (-Xmx/-Xms)
#   Decrease number of Java threads
#   Decrease Java thread stack sizes (-Xss)
#   Set larger code cache with -XX:ReservedCodeCacheSize=
#   JVM is running with Unscaled Compressed Oops mode in which the Java heap is
#     placed in the first 4GB address space. The Java Heap base address is the
#     maximum limit for the native heap growth. Please use -XX:HeapBaseMinAddress
#     to set the Java Heap base and to place the Java Heap above 4GB virtual address.
# This output file may be truncated or incomplete.
#
#  Out of Memory Error (arena.cpp:186), pid=113296, tid=133828
#
# JRE version: OpenJDK Runtime Environment (25.0.3) (build 25.0.3+-15898627-b508.16)
# Java VM: OpenJDK 64-Bit Server VM (25.0.3+-15898627-b508.16, mixed mode, tiered, compressed oops, compressed class ptrs, g1 gc, windows-amd64)
# No core dump will be written. Minidumps are not enabled by default on client versions of Windows
#

---------------  S U M M A R Y ------------

Command Line: -Djava.awt.headless=true -Djava.library.path=D:\Program Files\Android\Android Studio\jbr\bin;C:\WINDOWS\Sun\Java\bin;C:\WINDOWS\system32;C:\WINDOWS;D:\Program Files\Android\Android Studio\jbr\bin;C:\WINDOWS\system32;C:\WINDOWS;C:\WINDOWS\System32\Wbem;C:\WINDOWS\System32\WindowsPowerShell\v1.0\;C:\WINDOWS\System32\OpenSSH\;C:\Program Files\NVIDIA Corporation\NVIDIA App\NvDLISR;C:\Program Files (x86)\NVIDIA Corporation\PhysX\Common;C:\Program Files\Git\cmd;C:\Program Files\nodejs\;C:\Program Files\WinDirStat\;C:\Program Files\dotnet\;C:\Users\sunaan\AppData\Local\Programs\Python\Python313\Scripts\;C:\Users\sunaan\AppData\Local\Programs\Python\Python313\;C:\Users\sunaan\AppData\Local\Programs\Python\Launcher\;C:\Users\sunaan\AppData\Local\Microsoft\WindowsApps;C:\Users\sunaan\AppData\Local\GitHubDesktop\bin;C:\Users\sunaan\AppData\Roaming\npm;C:\Users\sunaan\.dotnet\tools;C:\Users\sunaan\AppData\Local\Programs\Microsoft VS Code\bin;C:\Users\sunaan\.local\bin;.;D:\StudioProjects\ForzaTimer\app\src\testDebug\jniLibs;D:\StudioProjects\ForzaTimer\app\src\test\jniLibs -Dorg.gradle.internal.worker.tmpdir=D:\StudioProjects\ForzaTimer\app\build\tmp\testDebugUnitTest\work --add-opens=java.base/java.io=ALL-UNNAMED -Xmx512m -Dfile.encoding=UTF-8 -Duser.country=US -Duser.language=en -Duser.variant -ea worker.org.gradle.process.internal.worker.GradleWorkerMain 'Gradle Test Executor 1'

Host: 12th Gen Intel(R) Core(TM) i5-12500H, 16 cores, 15G,  Windows 11 , 64 bit Build 26100 (10.0.26100.9444)
Time: Sat Sep 12 15:18:29 2026 Bangladesh Standard Time elapsed time: 0.670222 seconds (0d 0h 0m 0s)

---------------  T H R E A D  ---------------

Current thread (0x00000208ca69c550):  JavaThread "C2 CompilerThread0" daemon [_thread_in_native, id=133828, stack(0x000000c9eab00000,0x000000c9eac00000) (1024K)]


Current CompileTask:
C2:670  281       4       java.lang.StringLatin1::indexOfChar (33 bytes)

Stack: [0x000000c9eab00000,0x000000c9eac00000]
Native frames: (J=compiled Java code, j=interpreted, Vv=VM code, C=native code)
V  [jvm.dll+0x7bf039]  (no source info available)
V  [jvm.dll+0x78912d]  (no source info available)
V  [jvm.dll+0xa0e615]  (no source info available)
V  [jvm.dll+0xa10c94]  (no source info available)
V  [jvm.dll+0xa11393]  (no source info available)
V  [jvm.dll+0x30a116]  (no source info available)
V  [jvm.dll+0x10eda9]  (no source info available)
V  [jvm.dll+0x10f0d2]  (no source info available)
V  [jvm.dll+0x1a9b77]  (no source info available)
V  [jvm.dll+0x3bf612]  (no source info available)
V  [jvm.dll+0x7c48b7]  (no source info available)
V  [jvm.dll+0x2ce466]  (no source info available)
V  [jvm.dll+0x2cd641]  (no source info available)
V  [jvm.dll+0x24334a]  (no source info available)
V  [jvm.dll+0x2dd025]  (no source info available)
V  [jvm.dll+0x2db226]  (no source info available)
V  [jvm.dll+0x49c12e]  (no source info available)
V  [jvm.dll+0x9ad738]  (no source info available)
V  [jvm.dll+0x7bd585]  (no source info available)
C  [ucrtbase.dll+0x2cd30]  (no source info available)
C  [KERNEL32.DLL+0x2cd87]  (no source info available)
C  [ntdll.dll+0xacaec]  (no source info available)

Lock stack of current Java thread (top to bottom):


---------------  P R O C E S S  ---------------

Threads class SMR info:
_java_thread_list=0x00000208caa265c0, length=12, elements={
0x00000208b1bfc910, 0x00000208ca669580, 0x00000208ca66a640, 0x00000208ca68b400,
0x00000208ca6940b0, 0x00000208ca696880, 0x00000208ca697bb0, 0x00000208ca698370,
0x00000208ca69c550, 0x00000208ca6ad480, 0x00000208caa14030, 0x00000208caa5db70
}

Java Threads: ( => current thread )
  0x00000208b1bfc910 JavaThread "main"                              [_thread_in_vm, id=75108, stack(0x000000c9e9c00000,0x000000c9e9d00000) (1024K)]
  0x00000208ca669580 JavaThread "Common-Cleaner"             daemon [_thread_blocked, id=59616, stack(0x000000c9ea400000,0x000000c9ea500000) (1024K)]
  0x00000208ca66a640 JavaThread "Reference Handler"          daemon [_thread_blocked, id=151580, stack(0x000000c9ea500000,0x000000c9ea600000) (1024K)]
  0x00000208ca68b400 JavaThread "Finalizer"                  daemon [_thread_blocked, id=67532, stack(0x000000c9ea600000,0x000000c9ea700000) (1024K)]
  0x00000208ca6940b0 JavaThread "Signal Dispatcher"          daemon [_thread_blocked, id=35668, stack(0x000000c9ea700000,0x000000c9ea800000) (1024K)]
  0x00000208ca696880 JavaThread "Attach Listener"            daemon [_thread_blocked, id=117552, stack(0x000000c9ea800000,0x000000c9ea900000) (1024K)]
  0x00000208ca697bb0 JavaThread "Service Thread"             daemon [_thread_blocked, id=28736, stack(0x000000c9ea900000,0x000000c9eaa00000) (1024K)]
  0x00000208ca698370 JavaThread "Monitor Deflation Thread"   daemon [_thread_blocked, id=118516, stack(0x000000c9eaa00000,0x000000c9eab00000) (1024K)]
=>0x00000208ca69c550 JavaThread "C2 CompilerThread0"         daemon [_thread_in_native, id=133828, stack(0x000000c9eab00000,0x000000c9eac00000) (1024K)]
  0x00000208ca6ad480 JavaThread "C1 CompilerThread0"         daemon [_thread_blocked, id=113164, stack(0x000000c9eac00000,0x000000c9ead00000) (1024K)]
  0x00000208caa14030 JavaThread "C1 CompilerThread1"         daemon [_thread_blocked, id=4636, stack(0x000000c9ead00000,0x000000c9eae00000) (1024K)]
  0x00000208caa5db70 JavaThread "Notification Thread"        daemon [_thread_blocked, id=134072, stack(0x000000c9eae00000,0x000000c9eaf00000) (1024K)]
Total: 12

Other Threads:
  0x00000208ca612e10 VMThread "VM Thread"                           [id=137656, stack(0x000000c9ea300000,0x000000c9ea400000) (1024K)]
  0x00000208ca5fe5d0 WatcherThread "VM Periodic Task Thread"        [id=133824, stack(0x000000c9ea200000,0x000000c9ea300000) (1024K)]
  0x00000208b3fa03e0 WorkerThread "GC Thread#0"                     [id=76128, stack(0x000000c9e9d00000,0x000000c9e9e00000) (1024K)]
  0x00000208b3fa7d60 ConcurrentGCThread "G1 Main Marker"            [id=146376, stack(0x000000c9e9e00000,0x000000c9e9f00000) (1024K)]
  0x00000208b3faa750 WorkerThread "G1 Conc#0"                       [id=80216, stack(0x000000c9e9f00000,0x000000c9ea000000) (1024K)]
  0x00000208ca4d1110 ConcurrentGCThread "G1 Refine#0"               [id=14272, stack(0x000000c9ea000000,0x000000c9ea100000) (1024K)]
  0x00000208ca4d25e0 ConcurrentGCThread "G1 Service"                [id=58732, stack(0x000000c9ea100000,0x000000c9ea200000) (1024K)]
Total: 7

Threads with active compile tasks:
C2 CompilerThread0  755  281       4       java.lang.StringLatin1::indexOfChar (33 bytes)
Total: 1

VM state: not at safepoint (normal execution)

VM Mutex/Monitor currently owned by a thread: None

Heap address: 0x00000000e0000000, size: 512 MB, Compressed Oops mode: 32-bit

CDS archive(s) not mapped
Compressed class space mapped at: 0x000000008f000000-0x00000000cf000000, reserved size: 1073741824
UseCompressedClassPointers 1, UseCompactObjectHeaders 0
Narrow klass pointer bits 32, Max shift 3
Narrow klass base: 0x0000000000000000, Narrow klass shift: 0
Encoding Range: [0x0000000000000000 - 0x0000000100000000), (4294967296 bytes)
Klass Range:    [0x000000008f000000 - 0x00000000cf000000), (1073741824 bytes)
Klass ID Range:  [2399141888 - 3472883705) (1073741817)
No protection zone.

GC Precious Log:
 CardTable entry size: 512
 Card Set container configuration: InlinePtr #cards 5 size 8 Array Of Cards #cards 10 size 36 Howl #buckets 4 coarsen threshold 1843 Howl Bitmap #cards 512 size 80 coarsen threshold 460 Card regions per heap region 1 cards per card region 2048
 CPUs: 16 total, 16 available
 Memory: 16070M
 Large Page Support: Disabled
 NUMA Support: Disabled
 Compressed Oops: Enabled (32-bit)
 Heap Region Size: 1M
 Heap Min Capacity: 8M
 Heap Initial Capacity: 252M
 Heap Max Capacity: 512M
 Pre-touch: Disabled
 Parallel Workers: 13
 Concurrent Workers: 3
 Concurrent Refinement Workers: 13
 Periodic GC: Disabled

Heap:
 garbage-first heap   total reserved 524288K, committed 258048K, used 4096K [0x00000000e0000000, 0x0000000100000000)
  region size 1024K, 5 young (5120K), 0 survivors (0K)

Heap Regions: E=young(eden), S=young(survivor), O=old, HS=humongous(starts), HC=humongous(continues), CS=collection set, F=free, TAMS=top-at-mark-start, PB=parsable bottom
|   0|0x00000000e0000000, 0x00000000e0000000, 0x00000000e0100000|  0%| F|  |TAMS 0x00000000e0000000| PB 0x00000000e0000000| Untracked |  0
|   1|0x00000000e0100000, 0x00000000e0100000, 0x00000000e0200000|  0%| F|  |TAMS 0x00000000e0100000| PB 0x00000000e0100000| Untracked |  0
|   2|0x00000000e0200000, 0x00000000e0200000, 0x00000000e0300000|  0%| F|  |TAMS 0x00000000e0200000| PB 0x00000000e0200000| Untracked |  0
|   3|0x00000000e0300000, 0x00000000e0300000, 0x00000000e0400000|  0%| F|  |TAMS 0x00000000e0300000| PB 0x00000000e0300000| Untracked |  0
|   4|0x00000000e0400000, 0x00000000e0400000, 0x00000000e0500000|  0%| F|  |TAMS 0x00000000e0400000| PB 0x00000000e0400000| Untracked |  0
|   5|0x00000000e0500000, 0x00000000e0500000, 0x00000000e0600000|  0%| F|  |TAMS 0x00000000e0500000| PB 0x00000000e0500000| Untracked |  0
|   6|0x00000000e0600000, 0x00000000e0600000, 0x00000000e0700000|  0%| F|  |TAMS 0x00000000e0600000| PB 0x00000000e0600000| Untracked |  0
|   7|0x00000000e0700000, 0x00000000e0700000, 0x00000000e0800000|  0%| F|  |TAMS 0x00000000e0700000| PB 0x00000000e0700000| Untracked |  0
|   8|0x00000000e0800000, 0x00000000e0800000, 0x00000000e0900000|  0%| F|  |TAMS 0x00000000e0800000| PB 0x00000000e0800000| Untracked |  0
|   9|0x00000000e0900000, 0x00000000e0900000, 0x00000000e0a00000|  0%| F|  |TAMS 0x00000000e0900000| PB 0x00000000e0900000| Untracked |  0
|  10|0x00000000e0a00000, 0x00000000e0a00000, 0x00000000e0b00000|  0%| F|  |TAMS 0x00000000e0a00000| PB 0x00000000e0a00000| Untracked |  0
|  11|0x00000000e0b00000, 0x00000000e0b00000, 0x00000000e0c00000|  0%| F|  |TAMS 0x00000000e0b00000| PB 0x00000000e0b00000| Untracked |  0
|  12|0x00000000e0c00000, 0x00000000e0c00000, 0x00000000e0d00000|  0%| F|  |TAMS 0x00000000e0c00000| PB 0x00000000e0c00000| Untracked |  0
|  13|0x00000000e0d00000, 0x00000000e0d00000, 0x00000000e0e00000|  0%| F|  |TAMS 0x00000000e0d00000| PB 0x00000000e0d00000| Untracked |  0
|  14|0x00000000e0e00000, 0x00000000e0e00000, 0x00000000e0f00000|  0%| F|  |TAMS 0x00000000e0e00000| PB 0x00000000e0e00000| Untracked |  0
|  15|0x00000000e0f00000, 0x00000000e0f00000, 0x00000000e1000000|  0%| F|  |TAMS 0x00000000e0f00000| PB 0x00000000e0f00000| Untracked |  0
|  16|0x00000000e1000000, 0x00000000e1000000, 0x00000000e1100000|  0%| F|  |TAMS 0x00000000e1000000| PB 0x00000000e1000000| Untracked |  0
|  17|0x00000000e1100000, 0x00000000e1100000, 0x00000000e1200000|  0%| F|  |TAMS 0x00000000e1100000| PB 0x00000000e1100000| Untracked |  0
|  18|0x00000000e1200000, 0x00000000e1200000, 0x00000000e1300000|  0%| F|  |TAMS 0x00000000e1200000| PB 0x00000000e1200000| Untracked |  0
|  19|0x00000000e1300000, 0x00000000e1300000, 0x00000000e1400000|  0%| F|  |TAMS 0x00000000e1300000| PB 0x00000000e1300000| Untracked |  0
|  20|0x00000000e1400000, 0x00000000e1400000, 0x00000000e1500000|  0%| F|  |TAMS 0x00000000e1400000| PB 0x00000000e1400000| Untracked |  0
|  21|0x00000000e1500000, 0x00000000e1500000, 0x00000000e1600000|  0%| F|  |TAMS 0x00000000e1500000| PB 0x00000000e1500000| Untracked |  0
|  22|0x00000000e1600000, 0x00000000e1600000, 0x00000000e1700000|  0%| F|  |TAMS 0x00000000e1600000| PB 0x00000000e1600000| Untracked |  0
|  23|0x00000000e1700000, 0x00000000e1700000, 0x00000000e1800000|  0%| F|  |TAMS 0x00000000e1700000| PB 0x00000000e1700000| Untracked |  0
|  24|0x00000000e1800000, 0x00000000e1800000, 0x00000000e1900000|  0%| F|  |TAMS 0x00000000e1800000| PB 0x00000000e1800000| Untracked |  0
|  25|0x00000000e1900000, 0x00000000e1900000, 0x00000000e1a00000|  0%| F|  |TAMS 0x00000000e1900000| PB 0x00000000e1900000| Untracked |  0
|  26|0x00000000e1a00000, 0x00000000e1a00000, 0x00000000e1b00000|  0%| F|  |TAMS 0x00000000e1a00000| PB 0x00000000e1a00000| Untracked |  0
|  27|0x00000000e1b00000, 0x00000000e1b00000, 0x00000000e1c00000|  0%| F|  |TAMS 0x00000000e1b00000| PB 0x00000000e1b00000| Untracked |  0
|  28|0x00000000e1c00000, 0x00000000e1c00000, 0x00000000e1d00000|  0%| F|  |TAMS 0x00000000e1c00000| PB 0x00000000e1c00000| Untracked |  0
|  29|0x00000000e1d00000, 0x00000000e1d00000, 0x00000000e1e00000|  0%| F|  |TAMS 0x00000000e1d00000| PB 0x00000000e1d00000| Untracked |  0
|  30|0x00000000e1e00000, 0x00000000e1e00000, 0x00000000e1f00000|  0%| F|  |TAMS 0x00000000e1e00000| PB 0x00000000e1e00000| Untracked |  0
|  31|0x00000000e1f00000, 0x00000000e1f00000, 0x00000000e2000000|  0%| F|  |TAMS 0x00000000e1f00000| PB 0x00000000e1f00000| Untracked |  0
|  32|0x00000000e2000000, 0x00000000e2000000, 0x00000000e2100000|  0%| F|  |TAMS 0x00000000e2000000| PB 0x00000000e2000000| Untracked |  0
|  33|0x00000000e2100000, 0x00000000e2100000, 0x00000000e2200000|  0%| F|  |TAMS 0x00000000e2100000| PB 0x00000000e2100000| Untracked |  0
|  34|0x00000000e2200000, 0x00000000e2200000, 0x00000000e2300000|  0%| F|  |TAMS 0x00000000e2200000| PB 0x00000000e2200000| Untracked |  0
|  35|0x00000000e2300000, 0x00000000e2300000, 0x00000000e2400000|  0%| F|  |TAMS 0x00000000e2300000| PB 0x00000000e2300000| Untracked |  0
|  36|0x00000000e2400000, 0x00000000e2400000, 0x00000000e2500000|  0%| F|  |TAMS 0x00000000e2400000| PB 0x00000000e2400000| Untracked |  0
|  37|0x00000000e2500000, 0x00000000e2500000, 0x00000000e2600000|  0%| F|  |TAMS 0x00000000e2500000| PB 0x00000000e2500000| Untracked |  0
|  38|0x00000000e2600000, 0x00000000e2600000, 0x00000000e2700000|  0%| F|  |TAMS 0x00000000e2600000| PB 0x00000000e2600000| Untracked |  0
|  39|0x00000000e2700000, 0x00000000e2700000, 0x00000000e2800000|  0%| F|  |TAMS 0x00000000e2700000| PB 0x00000000e2700000| Untracked |  0
|  40|0x00000000e2800000, 0x00000000e2800000, 0x00000000e2900000|  0%| F|  |TAMS 0x00000000e2800000| PB 0x00000000e2800000| Untracked |  0
|  41|0x00000000e2900000, 0x00000000e2900000, 0x00000000e2a00000|  0%| F|  |TAMS 0x00000000e2900000| PB 0x00000000e2900000| Untracked |  0
|  42|0x00000000e2a00000, 0x00000000e2a00000, 0x00000000e2b00000|  0%| F|  |TAMS 0x00000000e2a00000| PB 0x00000000e2a00000| Untracked |  0
|  43|0x00000000e2b00000, 0x00000000e2b00000, 0x00000000e2c00000|  0%| F|  |TAMS 0x00000000e2b00000| PB 0x00000000e2b00000| Untracked |  0
|  44|0x00000000e2c00000, 0x00000000e2c00000, 0x00000000e2d00000|  0%| F|  |TAMS 0x00000000e2c00000| PB 0x00000000e2c00000| Untracked |  0
|  45|0x00000000e2d00000, 0x00000000e2d00000, 0x00000000e2e00000|  0%| F|  |TAMS 0x00000000e2d00000| PB 0x00000000e2d00000| Untracked |  0
|  46|0x00000000e2e00000, 0x00000000e2e00000, 0x00000000e2f00000|  0%| F|  |TAMS 0x00000000e2e00000| PB 0x00000000e2e00000| Untracked |  0
|  47|0x00000000e2f00000, 0x00000000e2f00000, 0x00000000e3000000|  0%| F|  |TAMS 0x00000000e2f00000| PB 0x00000000e2f00000| Untracked |  0
|  48|0x00000000e3000000, 0x00000000e3000000, 0x00000000e3100000|  0%| F|  |TAMS 0x00000000e3000000| PB 0x00000000e3000000| Untracked |  0
|  49|0x00000000e3100000, 0x00000000e3100000, 0x00000000e3200000|  0%| F|  |TAMS 0x00000000e3100000| PB 0x00000000e3100000| Untracked |  0
|  50|0x00000000e3200000, 0x00000000e3200000, 0x00000000e3300000|  0%| F|  |TAMS 0x00000000e3200000| PB 0x00000000e3200000| Untracked |  0
|  51|0x00000000e3300000, 0x00000000e3300000, 0x00000000e3400000|  0%| F|  |TAMS 0x00000000e3300000| PB 0x00000000e3300000| Untracked |  0
|  52|0x00000000e3400000, 0x00000000e3400000, 0x00000000e3500000|  0%| F|  |TAMS 0x00000000e3400000| PB 0x00000000e3400000| Untracked |  0
|  53|0x00000000e3500000, 0x00000000e3500000, 0x00000000e3600000|  0%| F|  |TAMS 0x00000000e3500000| PB 0x00000000e3500000| Untracked |  0
|  54|0x00000000e3600000, 0x00000000e3600000, 0x00000000e3700000|  0%| F|  |TAMS 0x00000000e3600000| PB 0x00000000e3600000| Untracked |  0
|  55|0x00000000e3700000, 0x00000000e3700000, 0x00000000e3800000|  0%| F|  |TAMS 0x00000000e3700000| PB 0x00000000e3700000| Untracked |  0
|  56|0x00000000e3800000, 0x00000000e3800000, 0x00000000e3900000|  0%| F|  |TAMS 0x00000000e3800000| PB 0x00000000e3800000| Untracked |  0
|  57|0x00000000e3900000, 0x00000000e3900000, 0x00000000e3a00000|  0%| F|  |TAMS 0x00000000e3900000| PB 0x00000000e3900000| Untracked |  0
|  58|0x00000000e3a00000, 0x00000000e3a00000, 0x00000000e3b00000|  0%| F|  |TAMS 0x00000000e3a00000| PB 0x00000000e3a00000| Untracked |  0
|  59|0x00000000e3b00000, 0x00000000e3b00000, 0x00000000e3c00000|  0%| F|  |TAMS 0x00000000e3b00000| PB 0x00000000e3b00000| Untracked |  0
|  60|0x00000000e3c00000, 0x00000000e3c00000, 0x00000000e3d00000|  0%| F|  |TAMS 0x00000000e3c00000| PB 0x00000000e3c00000| Untracked |  0
|  61|0x00000000e3d00000, 0x00000000e3d00000, 0x00000000e3e00000|  0%| F|  |TAMS 0x00000000e3d00000| PB 0x00000000e3d00000| Untracked |  0
|  62|0x00000000e3e00000, 0x00000000e3e00000, 0x00000000e3f00000|  0%| F|  |TAMS 0x00000000e3e00000| PB 0x00000000e3e00000| Untracked |  0
|  63|0x00000000e3f00000, 0x00000000e3f00000, 0x00000000e4000000|  0%| F|  |TAMS 0x00000000e3f00000| PB 0x00000000e3f00000| Untracked |  0
|  64|0x00000000e4000000, 0x00000000e4000000, 0x00000000e4100000|  0%| F|  |TAMS 0x00000000e4000000| PB 0x00000000e4000000| Untracked |  0
|  65|0x00000000e4100000, 0x00000000e4100000, 0x00000000e4200000|  0%| F|  |TAMS 0x00000000e4100000| PB 0x00000000e4100000| Untracked |  0
|  66|0x00000000e4200000, 0x00000000e4200000, 0x00000000e4300000|  0%| F|  |TAMS 0x00000000e4200000| PB 0x00000000e4200000| Untracked |  0
|  67|0x00000000e4300000, 0x00000000e4300000, 0x00000000e4400000|  0%| F|  |TAMS 0x00000000e4300000| PB 0x00000000e4300000| Untracked |  0
|  68|0x00000000e4400000, 0x00000000e4400000, 0x00000000e4500000|  0%| F|  |TAMS 0x00000000e4400000| PB 0x00000000e4400000| Untracked |  0
|  69|0x00000000e4500000, 0x00000000e4500000, 0x00000000e4600000|  0%| F|  |TAMS 0x00000000e4500000| PB 0x00000000e4500000| Untracked |  0
|  70|0x00000000e4600000, 0x00000000e4600000, 0x00000000e4700000|  0%| F|  |TAMS 0x00000000e4600000| PB 0x00000000e4600000| Untracked |  0
|  71|0x00000000e4700000, 0x00000000e4700000, 0x00000000e4800000|  0%| F|  |TAMS 0x00000000e4700000| PB 0x00000000e4700000| Untracked |  0
|  72|0x00000000e4800000, 0x00000000e4800000, 0x00000000e4900000|  0%| F|  |TAMS 0x00000000e4800000| PB 0x00000000e4800000| Untracked |  0
|  73|0x00000000e4900000, 0x00000000e4900000, 0x00000000e4a00000|  0%| F|  |TAMS 0x00000000e4900000| PB 0x00000000e4900000| Untracked |  0
|  74|0x00000000e4a00000, 0x00000000e4a00000, 0x00000000e4b00000|  0%| F|  |TAMS 0x00000000e4a00000| PB 0x00000000e4a00000| Untracked |  0
|  75|0x00000000e4b00000, 0x00000000e4b00000, 0x00000000e4c00000|  0%| F|  |TAMS 0x00000000e4b00000| PB 0x00000000e4b00000| Untracked |  0
|  76|0x00000000e4c00000, 0x00000000e4c00000, 0x00000000e4d00000|  0%| F|  |TAMS 0x00000000e4c00000| PB 0x00000000e4c00000| Untracked |  0
|  77|0x00000000e4d00000, 0x00000000e4d00000, 0x00000000e4e00000|  0%| F|  |TAMS 0x00000000e4d00000| PB 0x00000000e4d00000| Untracked |  0
|  78|0x00000000e4e00000, 0x00000000e4e00000, 0x00000000e4f00000|  0%| F|  |TAMS 0x00000000e4e00000| PB 0x00000000e4e00000| Untracked |  0
|  79|0x00000000e4f00000, 0x00000000e4f00000, 0x00000000e5000000|  0%| F|  |TAMS 0x00000000e4f00000| PB 0x00000000e4f00000| Untracked |  0
|  80|0x00000000e5000000, 0x00000000e5000000, 0x00000000e5100000|  0%| F|  |TAMS 0x00000000e5000000| PB 0x00000000e5000000| Untracked |  0
|  81|0x00000000e5100000, 0x00000000e5100000, 0x00000000e5200000|  0%| F|  |TAMS 0x00000000e5100000| PB 0x00000000e5100000| Untracked |  0
|  82|0x00000000e5200000, 0x00000000e5200000, 0x00000000e5300000|  0%| F|  |TAMS 0x00000000e5200000| PB 0x00000000e5200000| Untracked |  0
|  83|0x00000000e5300000, 0x00000000e5300000, 0x00000000e5400000|  0%| F|  |TAMS 0x00000000e5300000| PB 0x00000000e5300000| Untracked |  0
|  84|0x00000000e5400000, 0x00000000e5400000, 0x00000000e5500000|  0%| F|  |TAMS 0x00000000e5400000| PB 0x00000000e5400000| Untracked |  0
|  85|0x00000000e5500000, 0x00000000e5500000, 0x00000000e5600000|  0%| F|  |TAMS 0x00000000e5500000| PB 0x00000000e5500000| Untracked |  0
|  86|0x00000000e5600000, 0x00000000e5600000, 0x00000000e5700000|  0%| F|  |TAMS 0x00000000e5600000| PB 0x00000000e5600000| Untracked |  0
|  87|0x00000000e5700000, 0x00000000e5700000, 0x00000000e5800000|  0%| F|  |TAMS 0x00000000e5700000| PB 0x00000000e5700000| Untracked |  0
|  88|0x00000000e5800000, 0x00000000e5800000, 0x00000000e5900000|  0%| F|  |TAMS 0x00000000e5800000| PB 0x00000000e5800000| Untracked |  0
|  89|0x00000000e5900000, 0x00000000e5900000, 0x00000000e5a00000|  0%| F|  |TAMS 0x00000000e5900000| PB 0x00000000e5900000| Untracked |  0
|  90|0x00000000e5a00000, 0x00000000e5a00000, 0x00000000e5b00000|  0%| F|  |TAMS 0x00000000e5a00000| PB 0x00000000e5a00000| Untracked |  0
|  91|0x00000000e5b00000, 0x00000000e5b00000, 0x00000000e5c00000|  0%| F|  |TAMS 0x00000000e5b00000| PB 0x00000000e5b00000| Untracked |  0
|  92|0x00000000e5c00000, 0x00000000e5c00000, 0x00000000e5d00000|  0%| F|  |TAMS 0x00000000e5c00000| PB 0x00000000e5c00000| Untracked |  0
|  93|0x00000000e5d00000, 0x00000000e5d00000, 0x00000000e5e00000|  0%| F|  |TAMS 0x00000000e5d00000| PB 0x00000000e5d00000| Untracked |  0
|  94|0x00000000e5e00000, 0x00000000e5e00000, 0x00000000e5f00000|  0%| F|  |TAMS 0x00000000e5e00000| PB 0x00000000e5e00000| Untracked |  0
|  95|0x00000000e5f00000, 0x00000000e5f00000, 0x00000000e6000000|  0%| F|  |TAMS 0x00000000e5f00000| PB 0x00000000e5f00000| Untracked |  0
|  96|0x00000000e6000000, 0x00000000e6000000, 0x00000000e6100000|  0%| F|  |TAMS 0x00000000e6000000| PB 0x00000000e6000000| Untracked |  0
|  97|0x00000000e6100000, 0x00000000e6100000, 0x00000000e6200000|  0%| F|  |TAMS 0x00000000e6100000| PB 0x00000000e6100000| Untracked |  0
|  98|0x00000000e6200000, 0x00000000e6200000, 0x00000000e6300000|  0%| F|  |TAMS 0x00000000e6200000| PB 0x00000000e6200000| Untracked |  0
|  99|0x00000000e6300000, 0x00000000e6300000, 0x00000000e6400000|  0%| F|  |TAMS 0x00000000e6300000| PB 0x00000000e6300000| Untracked |  0
| 100|0x00000000e6400000, 0x00000000e6400000, 0x00000000e6500000|  0%| F|  |TAMS 0x00000000e6400000| PB 0x00000000e6400000| Untracked |  0
| 101|0x00000000e6500000, 0x00000000e6500000, 0x00000000e6600000|  0%| F|  |TAMS 0x00000000e6500000| PB 0x00000000e6500000| Untracked |  0
| 102|0x00000000e6600000, 0x00000000e6600000, 0x00000000e6700000|  0%| F|  |TAMS 0x00000000e6600000| PB 0x00000000e6600000| Untracked |  0
| 103|0x00000000e6700000, 0x00000000e6700000, 0x00000000e6800000|  0%| F|  |TAMS 0x00000000e6700000| PB 0x00000000e6700000| Untracked |  0
| 104|0x00000000e6800000, 0x00000000e6800000, 0x00000000e6900000|  0%| F|  |TAMS 0x00000000e6800000| PB 0x00000000e6800000| Untracked |  0
| 105|0x00000000e6900000, 0x00000000e6900000, 0x00000000e6a00000|  0%| F|  |TAMS 0x00000000e6900000| PB 0x00000000e6900000| Untracked |  0
| 106|0x00000000e6a00000, 0x00000000e6a00000, 0x00000000e6b00000|  0%| F|  |TAMS 0x00000000e6a00000| PB 0x00000000e6a00000| Untracked |  0
| 107|0x00000000e6b00000, 0x00000000e6b00000, 0x00000000e6c00000|  0%| F|  |TAMS 0x00000000e6b00000| PB 0x00000000e6b00000| Untracked |  0
| 108|0x00000000e6c00000, 0x00000000e6c00000, 0x00000000e6d00000|  0%| F|  |TAMS 0x00000000e6c00000| PB 0x00000000e6c00000| Untracked |  0
| 109|0x00000000e6d00000, 0x00000000e6d00000, 0x00000000e6e00000|  0%| F|  |TAMS 0x00000000e6d00000| PB 0x00000000e6d00000| Untracked |  0
| 110|0x00000000e6e00000, 0x00000000e6e00000, 0x00000000e6f00000|  0%| F|  |TAMS 0x00000000e6e00000| PB 0x00000000e6e00000| Untracked |  0
| 111|0x00000000e6f00000, 0x00000000e6f00000, 0x00000000e7000000|  0%| F|  |TAMS 0x00000000e6f00000| PB 0x00000000e6f00000| Untracked |  0
| 112|0x00000000e7000000, 0x00000000e7000000, 0x00000000e7100000|  0%| F|  |TAMS 0x00000000e7000000| PB 0x00000000e7000000| Untracked |  0
| 113|0x00000000e7100000, 0x00000000e7100000, 0x00000000e7200000|  0%| F|  |TAMS 0x00000000e7100000| PB 0x00000000e7100000| Untracked |  0
| 114|0x00000000e7200000, 0x00000000e7200000, 0x00000000e7300000|  0%| F|  |TAMS 0x00000000e7200000| PB 0x00000000e7200000| Untracked |  0
| 115|0x00000000e7300000, 0x00000000e7300000, 0x00000000e7400000|  0%| F|  |TAMS 0x00000000e7300000| PB 0x00000000e7300000| Untracked |  0
| 116|0x00000000e7400000, 0x00000000e7400000, 0x00000000e7500000|  0%| F|  |TAMS 0x00000000e7400000| PB 0x00000000e7400000| Untracked |  0
| 117|0x00000000e7500000, 0x00000000e7500000, 0x00000000e7600000|  0%| F|  |TAMS 0x00000000e7500000| PB 0x00000000e7500000| Untracked |  0
| 118|0x00000000e7600000, 0x00000000e7600000, 0x00000000e7700000|  0%| F|  |TAMS 0x00000000e7600000| PB 0x00000000e7600000| Untracked |  0
| 119|0x00000000e7700000, 0x00000000e7700000, 0x00000000e7800000|  0%| F|  |TAMS 0x00000000e7700000| PB 0x00000000e7700000| Untracked |  0
| 120|0x00000000e7800000, 0x00000000e7800000, 0x00000000e7900000|  0%| F|  |TAMS 0x00000000e7800000| PB 0x00000000e7800000| Untracked |  0
| 121|0x00000000e7900000, 0x00000000e7900000, 0x00000000e7a00000|  0%| F|  |TAMS 0x00000000e7900000| PB 0x00000000e7900000| Untracked |  0
| 122|0x00000000e7a00000, 0x00000000e7a00000, 0x00000000e7b00000|  0%| F|  |TAMS 0x00000000e7a00000| PB 0x00000000e7a00000| Untracked |  0
| 123|0x00000000e7b00000, 0x00000000e7b00000, 0x00000000e7c00000|  0%| F|  |TAMS 0x00000000e7b00000| PB 0x00000000e7b00000| Untracked |  0
| 124|0x00000000e7c00000, 0x00000000e7c00000, 0x00000000e7d00000|  0%| F|  |TAMS 0x00000000e7c00000| PB 0x00000000e7c00000| Untracked |  0
| 125|0x00000000e7d00000, 0x00000000e7d00000, 0x00000000e7e00000|  0%| F|  |TAMS 0x00000000e7d00000| PB 0x00000000e7d00000| Untracked |  0
| 126|0x00000000e7e00000, 0x00000000e7e00000, 0x00000000e7f00000|  0%| F|  |TAMS 0x00000000e7e00000| PB 0x00000000e7e00000| Untracked |  0
| 127|0x00000000e7f00000, 0x00000000e7f00000, 0x00000000e8000000|  0%| F|  |TAMS 0x00000000e7f00000| PB 0x00000000e7f00000| Untracked |  0
| 128|0x00000000e8000000, 0x00000000e8000000, 0x00000000e8100000|  0%| F|  |TAMS 0x00000000e8000000| PB 0x00000000e8000000| Untracked |  0
| 129|0x00000000e8100000, 0x00000000e8100000, 0x00000000e8200000|  0%| F|  |TAMS 0x00000000e8100000| PB 0x00000000e8100000| Untracked |  0
| 130|0x00000000e8200000, 0x00000000e8200000, 0x00000000e8300000|  0%| F|  |TAMS 0x00000000e8200000| PB 0x00000000e8200000| Untracked |  0
| 131|0x00000000e8300000, 0x00000000e8300000, 0x00000000e8400000|  0%| F|  |TAMS 0x00000000e8300000| PB 0x00000000e8300000| Untracked |  0
| 132|0x00000000e8400000, 0x00000000e8400000, 0x00000000e8500000|  0%| F|  |TAMS 0x00000000e8400000| PB 0x00000000e8400000| Untracked |  0
| 133|0x00000000e8500000, 0x00000000e8500000, 0x00000000e8600000|  0%| F|  |TAMS 0x00000000e8500000| PB 0x00000000e8500000| Untracked |  0
| 134|0x00000000e8600000, 0x00000000e8600000, 0x00000000e8700000|  0%| F|  |TAMS 0x00000000e8600000| PB 0x00000000e8600000| Untracked |  0
| 135|0x00000000e8700000, 0x00000000e8700000, 0x00000000e8800000|  0%| F|  |TAMS 0x00000000e8700000| PB 0x00000000e8700000| Untracked |  0
| 136|0x00000000e8800000, 0x00000000e8800000, 0x00000000e8900000|  0%| F|  |TAMS 0x00000000e8800000| PB 0x00000000e8800000| Untracked |  0
| 137|0x00000000e8900000, 0x00000000e8900000, 0x00000000e8a00000|  0%| F|  |TAMS 0x00000000e8900000| PB 0x00000000e8900000| Untracked |  0
| 138|0x00000000e8a00000, 0x00000000e8a00000, 0x00000000e8b00000|  0%| F|  |TAMS 0x00000000e8a00000| PB 0x00000000e8a00000| Untracked |  0
| 139|0x00000000e8b00000, 0x00000000e8b00000, 0x00000000e8c00000|  0%| F|  |TAMS 0x00000000e8b00000| PB 0x00000000e8b00000| Untracked |  0
| 140|0x00000000e8c00000, 0x00000000e8c00000, 0x00000000e8d00000|  0%| F|  |TAMS 0x00000000e8c00000| PB 0x00000000e8c00000| Untracked |  0
| 141|0x00000000e8d00000, 0x00000000e8d00000, 0x00000000e8e00000|  0%| F|  |TAMS 0x00000000e8d00000| PB 0x00000000e8d00000| Untracked |  0
| 142|0x00000000e8e00000, 0x00000000e8e00000, 0x00000000e8f00000|  0%| F|  |TAMS 0x00000000e8e00000| PB 0x00000000e8e00000| Untracked |  0
| 143|0x00000000e8f00000, 0x00000000e8f00000, 0x00000000e9000000|  0%| F|  |TAMS 0x00000000e8f00000| PB 0x00000000e8f00000| Untracked |  0
| 144|0x00000000e9000000, 0x00000000e9000000, 0x00000000e9100000|  0%| F|  |TAMS 0x00000000e9000000| PB 0x00000000e9000000| Untracked |  0
| 145|0x00000000e9100000, 0x00000000e9100000, 0x00000000e9200000|  0%| F|  |TAMS 0x00000000e9100000| PB 0x00000000e9100000| Untracked |  0
| 146|0x00000000e9200000, 0x00000000e9200000, 0x00000000e9300000|  0%| F|  |TAMS 0x00000000e9200000| PB 0x00000000e9200000| Untracked |  0
| 147|0x00000000e9300000, 0x00000000e9300000, 0x00000000e9400000|  0%| F|  |TAMS 0x00000000e9300000| PB 0x00000000e9300000| Untracked |  0
| 148|0x00000000e9400000, 0x00000000e9400000, 0x00000000e9500000|  0%| F|  |TAMS 0x00000000e9400000| PB 0x00000000e9400000| Untracked |  0
| 149|0x00000000e9500000, 0x00000000e9500000, 0x00000000e9600000|  0%| F|  |TAMS 0x00000000e9500000| PB 0x00000000e9500000| Untracked |  0
| 150|0x00000000e9600000, 0x00000000e9600000, 0x00000000e9700000|  0%| F|  |TAMS 0x00000000e9600000| PB 0x00000000e9600000| Untracked |  0
| 151|0x00000000e9700000, 0x00000000e9700000, 0x00000000e9800000|  0%| F|  |TAMS 0x00000000e9700000| PB 0x00000000e9700000| Untracked |  0
| 152|0x00000000e9800000, 0x00000000e9800000, 0x00000000e9900000|  0%| F|  |TAMS 0x00000000e9800000| PB 0x00000000e9800000| Untracked |  0
| 153|0x00000000e9900000, 0x00000000e9900000, 0x00000000e9a00000|  0%| F|  |TAMS 0x00000000e9900000| PB 0x00000000e9900000| Untracked |  0
| 154|0x00000000e9a00000, 0x00000000e9a00000, 0x00000000e9b00000|  0%| F|  |TAMS 0x00000000e9a00000| PB 0x00000000e9a00000| Untracked |  0
| 155|0x00000000e9b00000, 0x00000000e9b00000, 0x00000000e9c00000|  0%| F|  |TAMS 0x00000000e9b00000| PB 0x00000000e9b00000| Untracked |  0
| 156|0x00000000e9c00000, 0x00000000e9c00000, 0x00000000e9d00000|  0%| F|  |TAMS 0x00000000e9c00000| PB 0x00000000e9c00000| Untracked |  0
| 157|0x00000000e9d00000, 0x00000000e9d00000, 0x00000000e9e00000|  0%| F|  |TAMS 0x00000000e9d00000| PB 0x00000000e9d00000| Untracked |  0
| 158|0x00000000e9e00000, 0x00000000e9e00000, 0x00000000e9f00000|  0%| F|  |TAMS 0x00000000e9e00000| PB 0x00000000e9e00000| Untracked |  0
| 159|0x00000000e9f00000, 0x00000000e9f00000, 0x00000000ea000000|  0%| F|  |TAMS 0x00000000e9f00000| PB 0x00000000e9f00000| Untracked |  0
| 160|0x00000000ea000000, 0x00000000ea000000, 0x00000000ea100000|  0%| F|  |TAMS 0x00000000ea000000| PB 0x00000000ea000000| Untracked |  0
| 161|0x00000000ea100000, 0x00000000ea100000, 0x00000000ea200000|  0%| F|  |TAMS 0x00000000ea100000| PB 0x00000000ea100000| Untracked |  0
| 162|0x00000000ea200000, 0x00000000ea200000, 0x00000000ea300000|  0%| F|  |TAMS 0x00000000ea200000| PB 0x00000000ea200000| Untracked |  0
| 163|0x00000000ea300000, 0x00000000ea300000, 0x00000000ea400000|  0%| F|  |TAMS 0x00000000ea300000| PB 0x00000000ea300000| Untracked |  0
| 164|0x00000000ea400000, 0x00000000ea400000, 0x00000000ea500000|  0%| F|  |TAMS 0x00000000ea400000| PB 0x00000000ea400000| Untracked |  0
| 165|0x00000000ea500000, 0x00000000ea500000, 0x00000000ea600000|  0%| F|  |TAMS 0x00000000ea500000| PB 0x00000000ea500000| Untracked |  0
| 166|0x00000000ea600000, 0x00000000ea600000, 0x00000000ea700000|  0%| F|  |TAMS 0x00000000ea600000| PB 0x00000000ea600000| Untracked |  0
| 167|0x00000000ea700000, 0x00000000ea700000, 0x00000000ea800000|  0%| F|  |TAMS 0x00000000ea700000| PB 0x00000000ea700000| Untracked |  0
| 168|0x00000000ea800000, 0x00000000ea800000, 0x00000000ea900000|  0%| F|  |TAMS 0x00000000ea800000| PB 0x00000000ea800000| Untracked |  0
| 169|0x00000000ea900000, 0x00000000ea900000, 0x00000000eaa00000|  0%| F|  |TAMS 0x00000000ea900000| PB 0x00000000ea900000| Untracked |  0
| 170|0x00000000eaa00000, 0x00000000eaa00000, 0x00000000eab00000|  0%| F|  |TAMS 0x00000000eaa00000| PB 0x00000000eaa00000| Untracked |  0
| 171|0x00000000eab00000, 0x00000000eab00000, 0x00000000eac00000|  0%| F|  |TAMS 0x00000000eab00000| PB 0x00000000eab00000| Untracked |  0
| 172|0x00000000eac00000, 0x00000000eac00000, 0x00000000ead00000|  0%| F|  |TAMS 0x00000000eac00000| PB 0x00000000eac00000| Untracked |  0
| 173|0x00000000ead00000, 0x00000000ead00000, 0x00000000eae00000|  0%| F|  |TAMS 0x00000000ead00000| PB 0x00000000ead00000| Untracked |  0
| 174|0x00000000eae00000, 0x00000000eae00000, 0x00000000eaf00000|  0%| F|  |TAMS 0x00000000eae00000| PB 0x00000000eae00000| Untracked |  0
| 175|0x00000000eaf00000, 0x00000000eaf00000, 0x00000000eb000000|  0%| F|  |TAMS 0x00000000eaf00000| PB 0x00000000eaf00000| Untracked |  0
| 176|0x00000000eb000000, 0x00000000eb000000, 0x00000000eb100000|  0%| F|  |TAMS 0x00000000eb000000| PB 0x00000000eb000000| Untracked |  0
| 177|0x00000000eb100000, 0x00000000eb100000, 0x00000000eb200000|  0%| F|  |TAMS 0x00000000eb100000| PB 0x00000000eb100000| Untracked |  0
| 178|0x00000000eb200000, 0x00000000eb200000, 0x00000000eb300000|  0%| F|  |TAMS 0x00000000eb200000| PB 0x00000000eb200000| Untracked |  0
| 179|0x00000000eb300000, 0x00000000eb300000, 0x00000000eb400000|  0%| F|  |TAMS 0x00000000eb300000| PB 0x00000000eb300000| Untracked |  0
| 180|0x00000000eb400000, 0x00000000eb400000, 0x00000000eb500000|  0%| F|  |TAMS 0x00000000eb400000| PB 0x00000000eb400000| Untracked |  0
| 181|0x00000000eb500000, 0x00000000eb500000, 0x00000000eb600000|  0%| F|  |TAMS 0x00000000eb500000| PB 0x00000000eb500000| Untracked |  0
| 182|0x00000000eb600000, 0x00000000eb600000, 0x00000000eb700000|  0%| F|  |TAMS 0x00000000eb600000| PB 0x00000000eb600000| Untracked |  0
| 183|0x00000000eb700000, 0x00000000eb700000, 0x00000000eb800000|  0%| F|  |TAMS 0x00000000eb700000| PB 0x00000000eb700000| Untracked |  0
| 184|0x00000000eb800000, 0x00000000eb800000, 0x00000000eb900000|  0%| F|  |TAMS 0x00000000eb800000| PB 0x00000000eb800000| Untracked |  0
| 185|0x00000000eb900000, 0x00000000eb900000, 0x00000000eba00000|  0%| F|  |TAMS 0x00000000eb900000| PB 0x00000000eb900000| Untracked |  0
| 186|0x00000000eba00000, 0x00000000eba00000, 0x00000000ebb00000|  0%| F|  |TAMS 0x00000000eba00000| PB 0x00000000eba00000| Untracked |  0
| 187|0x00000000ebb00000, 0x00000000ebb00000, 0x00000000ebc00000|  0%| F|  |TAMS 0x00000000ebb00000| PB 0x00000000ebb00000| Untracked |  0
| 188|0x00000000ebc00000, 0x00000000ebc00000, 0x00000000ebd00000|  0%| F|  |TAMS 0x00000000ebc00000| PB 0x00000000ebc00000| Untracked |  0
| 189|0x00000000ebd00000, 0x00000000ebd00000, 0x00000000ebe00000|  0%| F|  |TAMS 0x00000000ebd00000| PB 0x00000000ebd00000| Untracked |  0
| 190|0x00000000ebe00000, 0x00000000ebe00000, 0x00000000ebf00000|  0%| F|  |TAMS 0x00000000ebe00000| PB 0x00000000ebe00000| Untracked |  0
| 191|0x00000000ebf00000, 0x00000000ebf00000, 0x00000000ec000000|  0%| F|  |TAMS 0x00000000ebf00000| PB 0x00000000ebf00000| Untracked |  0
| 192|0x00000000ec000000, 0x00000000ec000000, 0x00000000ec100000|  0%| F|  |TAMS 0x00000000ec000000| PB 0x00000000ec000000| Untracked |  0
| 193|0x00000000ec100000, 0x00000000ec100000, 0x00000000ec200000|  0%| F|  |TAMS 0x00000000ec100000| PB 0x00000000ec100000| Untracked |  0
| 194|0x00000000ec200000, 0x00000000ec200000, 0x00000000ec300000|  0%| F|  |TAMS 0x00000000ec200000| PB 0x00000000ec200000| Untracked |  0
| 195|0x00000000ec300000, 0x00000000ec300000, 0x00000000ec400000|  0%| F|  |TAMS 0x00000000ec300000| PB 0x00000000ec300000| Untracked |  0
| 196|0x00000000ec400000, 0x00000000ec400000, 0x00000000ec500000|  0%| F|  |TAMS 0x00000000ec400000| PB 0x00000000ec400000| Untracked |  0
| 197|0x00000000ec500000, 0x00000000ec500000, 0x00000000ec600000|  0%| F|  |TAMS 0x00000000ec500000| PB 0x00000000ec500000| Untracked |  0
| 198|0x00000000ec600000, 0x00000000ec600000, 0x00000000ec700000|  0%| F|  |TAMS 0x00000000ec600000| PB 0x00000000ec600000| Untracked |  0
| 199|0x00000000ec700000, 0x00000000ec700000, 0x00000000ec800000|  0%| F|  |TAMS 0x00000000ec700000| PB 0x00000000ec700000| Untracked |  0
| 200|0x00000000ec800000, 0x00000000ec800000, 0x00000000ec900000|  0%| F|  |TAMS 0x00000000ec800000| PB 0x00000000ec800000| Untracked |  0
| 201|0x00000000ec900000, 0x00000000ec900000, 0x00000000eca00000|  0%| F|  |TAMS 0x00000000ec900000| PB 0x00000000ec900000| Untracked |  0
| 202|0x00000000eca00000, 0x00000000eca00000, 0x00000000ecb00000|  0%| F|  |TAMS 0x00000000eca00000| PB 0x00000000eca00000| Untracked |  0
| 203|0x00000000ecb00000, 0x00000000ecb00000, 0x00000000ecc00000|  0%| F|  |TAMS 0x00000000ecb00000| PB 0x00000000ecb00000| Untracked |  0
| 204|0x00000000ecc00000, 0x00000000ecc00000, 0x00000000ecd00000|  0%| F|  |TAMS 0x00000000ecc00000| PB 0x00000000ecc00000| Untracked |  0
| 205|0x00000000ecd00000, 0x00000000ecd00000, 0x00000000ece00000|  0%| F|  |TAMS 0x00000000ecd00000| PB 0x00000000ecd00000| Untracked |  0
| 206|0x00000000ece00000, 0x00000000ece00000, 0x00000000ecf00000|  0%| F|  |TAMS 0x00000000ece00000| PB 0x00000000ece00000| Untracked |  0
| 207|0x00000000ecf00000, 0x00000000ecf00000, 0x00000000ed000000|  0%| F|  |TAMS 0x00000000ecf00000| PB 0x00000000ecf00000| Untracked |  0
| 208|0x00000000ed000000, 0x00000000ed000000, 0x00000000ed100000|  0%| F|  |TAMS 0x00000000ed000000| PB 0x00000000ed000000| Untracked |  0
| 209|0x00000000ed100000, 0x00000000ed100000, 0x00000000ed200000|  0%| F|  |TAMS 0x00000000ed100000| PB 0x00000000ed100000| Untracked |  0
| 210|0x00000000ed200000, 0x00000000ed200000, 0x00000000ed300000|  0%| F|  |TAMS 0x00000000ed200000| PB 0x00000000ed200000| Untracked |  0
| 211|0x00000000ed300000, 0x00000000ed300000, 0x00000000ed400000|  0%| F|  |TAMS 0x00000000ed300000| PB 0x00000000ed300000| Untracked |  0
| 212|0x00000000ed400000, 0x00000000ed400000, 0x00000000ed500000|  0%| F|  |TAMS 0x00000000ed400000| PB 0x00000000ed400000| Untracked |  0
| 213|0x00000000ed500000, 0x00000000ed500000, 0x00000000ed600000|  0%| F|  |TAMS 0x00000000ed500000| PB 0x00000000ed500000| Untracked |  0
| 214|0x00000000ed600000, 0x00000000ed600000, 0x00000000ed700000|  0%| F|  |TAMS 0x00000000ed600000| PB 0x00000000ed600000| Untracked |  0
| 215|0x00000000ed700000, 0x00000000ed700000, 0x00000000ed800000|  0%| F|  |TAMS 0x00000000ed700000| PB 0x00000000ed700000| Untracked |  0
| 216|0x00000000ed800000, 0x00000000ed800000, 0x00000000ed900000|  0%| F|  |TAMS 0x00000000ed800000| PB 0x00000000ed800000| Untracked |  0
| 217|0x00000000ed900000, 0x00000000ed900000, 0x00000000eda00000|  0%| F|  |TAMS 0x00000000ed900000| PB 0x00000000ed900000| Untracked |  0
| 218|0x00000000eda00000, 0x00000000eda00000, 0x00000000edb00000|  0%| F|  |TAMS 0x00000000eda00000| PB 0x00000000eda00000| Untracked |  0
| 219|0x00000000edb00000, 0x00000000edb00000, 0x00000000edc00000|  0%| F|  |TAMS 0x00000000edb00000| PB 0x00000000edb00000| Untracked |  0
| 220|0x00000000edc00000, 0x00000000edc00000, 0x00000000edd00000|  0%| F|  |TAMS 0x00000000edc00000| PB 0x00000000edc00000| Untracked |  0
| 221|0x00000000edd00000, 0x00000000edd00000, 0x00000000ede00000|  0%| F|  |TAMS 0x00000000edd00000| PB 0x00000000edd00000| Untracked |  0
| 222|0x00000000ede00000, 0x00000000ede00000, 0x00000000edf00000|  0%| F|  |TAMS 0x00000000ede00000| PB 0x00000000ede00000| Untracked |  0
| 223|0x00000000edf00000, 0x00000000edf00000, 0x00000000ee000000|  0%| F|  |TAMS 0x00000000edf00000| PB 0x00000000edf00000| Untracked |  0
| 224|0x00000000ee000000, 0x00000000ee000000, 0x00000000ee100000|  0%| F|  |TAMS 0x00000000ee000000| PB 0x00000000ee000000| Untracked |  0
| 225|0x00000000ee100000, 0x00000000ee100000, 0x00000000ee200000|  0%| F|  |TAMS 0x00000000ee100000| PB 0x00000000ee100000| Untracked |  0
| 226|0x00000000ee200000, 0x00000000ee200000, 0x00000000ee300000|  0%| F|  |TAMS 0x00000000ee200000| PB 0x00000000ee200000| Untracked |  0
| 227|0x00000000ee300000, 0x00000000ee300000, 0x00000000ee400000|  0%| F|  |TAMS 0x00000000ee300000| PB 0x00000000ee300000| Untracked |  0
| 228|0x00000000ee400000, 0x00000000ee400000, 0x00000000ee500000|  0%| F|  |TAMS 0x00000000ee400000| PB 0x00000000ee400000| Untracked |  0
| 229|0x00000000ee500000, 0x00000000ee500000, 0x00000000ee600000|  0%| F|  |TAMS 0x00000000ee500000| PB 0x00000000ee500000| Untracked |  0
| 230|0x00000000ee600000, 0x00000000ee600000, 0x00000000ee700000|  0%| F|  |TAMS 0x00000000ee600000| PB 0x00000000ee600000| Untracked |  0
| 231|0x00000000ee700000, 0x00000000ee700000, 0x00000000ee800000|  0%| F|  |TAMS 0x00000000ee700000| PB 0x00000000ee700000| Untracked |  0
| 232|0x00000000ee800000, 0x00000000ee800000, 0x00000000ee900000|  0%| F|  |TAMS 0x00000000ee800000| PB 0x00000000ee800000| Untracked |  0
| 233|0x00000000ee900000, 0x00000000ee900000, 0x00000000eea00000|  0%| F|  |TAMS 0x00000000ee900000| PB 0x00000000ee900000| Untracked |  0
| 234|0x00000000eea00000, 0x00000000eea00000, 0x00000000eeb00000|  0%| F|  |TAMS 0x00000000eea00000| PB 0x00000000eea00000| Untracked |  0
| 235|0x00000000eeb00000, 0x00000000eeb00000, 0x00000000eec00000|  0%| F|  |TAMS 0x00000000eeb00000| PB 0x00000000eeb00000| Untracked |  0
| 236|0x00000000eec00000, 0x00000000eec00000, 0x00000000eed00000|  0%| F|  |TAMS 0x00000000eec00000| PB 0x00000000eec00000| Untracked |  0
| 237|0x00000000eed00000, 0x00000000eed00000, 0x00000000eee00000|  0%| F|  |TAMS 0x00000000eed00000| PB 0x00000000eed00000| Untracked |  0
| 238|0x00000000eee00000, 0x00000000eee00000, 0x00000000eef00000|  0%| F|  |TAMS 0x00000000eee00000| PB 0x00000000eee00000| Untracked |  0
| 239|0x00000000eef00000, 0x00000000eef00000, 0x00000000ef000000|  0%| F|  |TAMS 0x00000000eef00000| PB 0x00000000eef00000| Untracked |  0
| 240|0x00000000ef000000, 0x00000000ef000000, 0x00000000ef100000|  0%| F|  |TAMS 0x00000000ef000000| PB 0x00000000ef000000| Untracked |  0
| 241|0x00000000ef100000, 0x00000000ef100000, 0x00000000ef200000|  0%| F|  |TAMS 0x00000000ef100000| PB 0x00000000ef100000| Untracked |  0
| 242|0x00000000ef200000, 0x00000000ef200000, 0x00000000ef300000|  0%| F|  |TAMS 0x00000000ef200000| PB 0x00000000ef200000| Untracked |  0
| 243|0x00000000ef300000, 0x00000000ef300000, 0x00000000ef400000|  0%| F|  |TAMS 0x00000000ef300000| PB 0x00000000ef300000| Untracked |  0
| 244|0x00000000ef400000, 0x00000000ef400000, 0x00000000ef500000|  0%| F|  |TAMS 0x00000000ef400000| PB 0x00000000ef400000| Untracked |  0
| 245|0x00000000ef500000, 0x00000000ef500000, 0x00000000ef600000|  0%| F|  |TAMS 0x00000000ef500000| PB 0x00000000ef500000| Untracked |  0
| 246|0x00000000ef600000, 0x00000000ef600000, 0x00000000ef700000|  0%| F|  |TAMS 0x00000000ef600000| PB 0x00000000ef600000| Untracked |  0
| 247|0x00000000ef700000, 0x00000000ef800000, 0x00000000ef800000|100%| E|  |TAMS 0x00000000ef700000| PB 0x00000000ef700000| Complete |  0
| 248|0x00000000ef800000, 0x00000000ef900000, 0x00000000ef900000|100%| E|CS|TAMS 0x00000000ef800000| PB 0x00000000ef800000| Complete |  0
| 249|0x00000000ef900000, 0x00000000efa00000, 0x00000000efa00000|100%| E|CS|TAMS 0x00000000ef900000| PB 0x00000000ef900000| Complete |  0
| 250|0x00000000efa00000, 0x00000000efb00000, 0x00000000efb00000|100%| E|CS|TAMS 0x00000000efa00000| PB 0x00000000efa00000| Complete |  0
| 251|0x00000000efb00000, 0x00000000efc00000, 0x00000000efc00000|100%| E|CS|TAMS 0x00000000efb00000| PB 0x00000000efb00000| Complete |  0

Card table byte_map: [0x00000208c6de0000,0x00000208c6ee0000] _byte_map_base: 0x00000208c66e0000

Marking Bits: (CMBitMap*) 0x00000208b3fa1380
 Bits: [0x00000208c6ee0000, 0x00000208c76e0000)

Polling page: 0x00000208b1d30000

Metaspace:
Metaspace        used 8411K, committed 8512K, reserved 1114112K
 class space     used 814K, committed 896K, reserved 1048576K

Usage:
  Non-class:      7.42 MB used.
      Class:    814.73 KB used.
       Both:      8.21 MB used.

Virtual space:
  Non-class space:       64.00 MB reserved,       7.44 MB ( 12%) committed,  1 nodes.
      Class space:        1.00 GB reserved,     896.00 KB ( <1%) committed,  1 nodes.
             Both:        1.06 GB reserved,       8.31 MB ( <1%) committed. 

Chunk freelists:
   Non-Class:  8.31 MB
       Class:  15.09 MB
        Both:  23.40 MB

MaxMetaspaceSize: unlimited
CompressedClassSpaceSize: 1.00 GB
Initial GC threshold: 21.00 MB
Current GC threshold: 21.00 MB
CDS: off
 - commit_granule_bytes: 65536.
 - commit_granule_words: 8192.
 - virtual_space_node_default_size: 8388608.
 - enlarge_chunks_in_place: 1.
UseCompressedClassPointers 1, UseCompactObjectHeaders 0
Narrow klass pointer bits 32, Max shift 3
Narrow klass base: 0x0000000000000000, Narrow klass shift: 0
Encoding Range: [0x0000000000000000 - 0x0000000100000000), (4294967296 bytes)
Klass Range:    [0x000000008f000000 - 0x00000000cf000000), (1073741824 bytes)
Klass ID Range:  [2399141888 - 3472883705) (1073741817)
No protection zone.


Internal statistics:

num_allocs_failed_limit: 0.
num_arena_births: 14.
num_arena_deaths: 0.
num_vsnodes_births: 2.
num_vsnodes_deaths: 0.
num_space_committed: 133.
num_space_uncommitted: 0.
num_chunks_returned_to_freelist: 0.
num_chunks_taken_from_freelist: 35.
num_chunk_merges: 0.
num_chunk_splits: 25.
num_chunks_enlarged: 20.
num_inconsistent_stats: 0.

CodeHeap 'non-profiled nmethods': size=119168Kb used=105Kb max_used=105Kb free=119062Kb
 bounds [0x00000208bf000000, 0x00000208bf270000, 0x00000208c6460000]
CodeHeap 'profiled nmethods': size=119168Kb used=497Kb max_used=497Kb free=118670Kb
 bounds [0x00000208b7450000, 0x00000208b76c0000, 0x00000208be8b0000]
CodeHeap 'non-nmethods': size=7488Kb used=1850Kb max_used=1850Kb free=5637Kb
 bounds [0x00000208be8b0000, 0x00000208beb20000, 0x00000208bf000000]
CodeCache: size=245824Kb, used=2452Kb, max_used=2452Kb, free=243369Kb
 total_blobs=902, nmethods=472, adapters=332, full_count=0
Compilation: enabled, stopped_count=0, restarted_count=0

Compilation events (20 events):
Event: 0.662 Thread 0x00000208caa14030 nmethod 271 0x00000208b7494208 code [0x00000208b7494300, 0x00000208b74944b0]
Event: 0.663 Thread 0x00000208caa14030  273       1       java.net.URL::getProtocol (5 bytes)
Event: 0.663 Thread 0x00000208caa14030 nmethod 273 0x00000208bf011c08 code [0x00000208bf011d00, 0x00000208bf011dc8]
Event: 0.663 Thread 0x00000208caa14030  274       1       java.lang.Thread::threadLocals (5 bytes)
Event: 0.663 Thread 0x00000208caa14030 nmethod 274 0x00000208bf011f08 code [0x00000208bf012000, 0x00000208bf0120c8]
Event: 0.663 Thread 0x00000208caa14030  275       3       java.lang.String::replace (42 bytes)
Event: 0.664 Thread 0x00000208caa14030 nmethod 275 0x00000208b7494508 code [0x00000208b7494600, 0x00000208b7494970]
Event: 0.664 Thread 0x00000208caa14030  276       1       java.util.ArrayList::size (5 bytes)
Event: 0.664 Thread 0x00000208caa14030 nmethod 276 0x00000208bf012208 code [0x00000208bf012300, 0x00000208bf0123c8]
Event: 0.664 Thread 0x00000208caa14030  277       3       java.util.ArrayList::add (25 bytes)
Event: 0.664 Thread 0x00000208ca6ad480  278       3       java.util.ArrayList::add (23 bytes)
Event: 0.664 Thread 0x00000208caa14030 nmethod 277 0x00000208b7494988 code [0x00000208b7494a80, 0x00000208b7494e58]
Event: 0.664 Thread 0x00000208ca6ad480 nmethod 278 0x00000208b7494e88 code [0x00000208b7494f80, 0x00000208b74952e0]
Event: 0.665 Thread 0x00000208caa14030  279       3       sun.nio.fs.WindowsPathParser::isSlash (18 bytes)
Event: 0.665 Thread 0x00000208ca6ad480  280       3       sun.nio.fs.WindowsPathParser::isInvalidPathChar (22 bytes)
Event: 0.665 Thread 0x00000208ca69c550  281       4       java.lang.StringLatin1::indexOfChar (33 bytes)
Event: 0.665 Thread 0x00000208caa14030 nmethod 279 0x00000208b7495308 code [0x00000208b7495400, 0x00000208b7495560]
Event: 0.665 Thread 0x00000208ca6ad480 nmethod 280 0x00000208b7495608 code [0x00000208b7495700, 0x00000208b7495910]
Event: 0.667 Thread 0x00000208ca6ad480  283       3       jdk.internal.misc.Unsafe::allocateUninitializedArray0 (90 bytes)
Event: 0.667 Thread 0x00000208ca6ad480 nmethod 283 0x00000208b7495988 code [0x00000208b7495a80, 0x00000208b74962a8]

GC Heap Usage History (0 events):
No events

Metaspace Usage History (0 events):
No events

Dll operation events (2 events):
Event: 0.019 Loaded shared library D:\Program Files\Android\Android Studio\jbr\bin\java.dll
Event: 0.235 Loaded shared library D:\Program Files\Android\Android Studio\jbr\bin\zip.dll

Deoptimization events (20 events):
Event: 0.545 Thread 0x00000208b1bfc910 DEOPT PACKING pc=0x00000208b7459b7b sp=0x000000c9e9cfd8b0
Event: 0.545 Thread 0x00000208b1bfc910 DEOPT UNPACKING pc=0x00000208be901702 sp=0x000000c9e9cfcd18 mode 0
Event: 0.567 Thread 0x00000208b1bfc910 Uncommon trap: trap_request=0xffffff45 fr.pc=0x00000208bf005694 relative=0x0000000000000194
Event: 0.567 Thread 0x00000208b1bfc910 Uncommon trap: reason=unstable_if action=reinterpret pc=0x00000208bf005694 method=java.lang.StringLatin1.indexOfChar([BIII)I @ 19 c2
Event: 0.567 Thread 0x00000208b1bfc910 DEOPT PACKING pc=0x00000208bf005694 sp=0x000000c9e9cfe6c0
Event: 0.567 Thread 0x00000208b1bfc910 DEOPT UNPACKING pc=0x00000208be9c8582 sp=0x000000c9e9cfe638 mode 2
Event: 0.603 Thread 0x00000208b1bfc910 Uncommon trap: trap_request=0xffffff45 fr.pc=0x00000208bf0024ac relative=0x00000000000000ac
Event: 0.603 Thread 0x00000208b1bfc910 Uncommon trap: reason=unstable_if action=reinterpret pc=0x00000208bf0024ac method=java.lang.String.isLatin1()Z @ 10 c2
Event: 0.603 Thread 0x00000208b1bfc910 DEOPT PACKING pc=0x00000208bf0024ac sp=0x000000c9e9cff0f0
Event: 0.603 Thread 0x00000208b1bfc910 DEOPT UNPACKING pc=0x00000208be9c8582 sp=0x000000c9e9cff030 mode 2
Event: 0.638 Thread 0x00000208b1bfc910 DEOPT PACKING pc=0x00000208b745ca56 sp=0x000000c9e9cff230
Event: 0.638 Thread 0x00000208b1bfc910 DEOPT UNPACKING pc=0x00000208be901702 sp=0x000000c9e9cfe670 mode 0
Event: 0.640 Thread 0x00000208b1bfc910 DEOPT PACKING pc=0x00000208b747c97b sp=0x000000c9e9cff0e0
Event: 0.640 Thread 0x00000208b1bfc910 DEOPT UNPACKING pc=0x00000208be901702 sp=0x000000c9e9cfe548 mode 0
Event: 0.641 Thread 0x00000208b1bfc910 Uncommon trap: trap_request=0xffffff45 fr.pc=0x00000208bf002dc8 relative=0x00000000000000c8
Event: 0.641 Thread 0x00000208b1bfc910 Uncommon trap: reason=unstable_if action=reinterpret pc=0x00000208bf002dc8 method=java.lang.AbstractStringBuilder.append(C)Ljava/lang/AbstractStringBuilder; @ 36 c2
Event: 0.641 Thread 0x00000208b1bfc910 DEOPT PACKING pc=0x00000208bf002dc8 sp=0x000000c9e9cff400
Event: 0.641 Thread 0x00000208b1bfc910 DEOPT UNPACKING pc=0x00000208be9c8582 sp=0x000000c9e9cff338 mode 2
Event: 0.665 Thread 0x00000208b1bfc910 DEOPT PACKING pc=0x00000208b747c97b sp=0x000000c9e9cfe9b0
Event: 0.665 Thread 0x00000208b1bfc910 DEOPT UNPACKING pc=0x00000208be901702 sp=0x000000c9e9cfde18 mode 0

Classes loaded (20 events):
Event: 0.666 Loading class sun/nio/fs/WindowsFileAttributeViews$Dos done
Event: 0.666 Loading class java/nio/file/attribute/PosixFileAttributes
Event: 0.666 Loading class java/nio/file/attribute/PosixFileAttributes done
Event: 0.666 Loading class java/io/IoOverNioOsSpecific
Event: 0.666 Loading class java/io/IoOverNioOsSpecific done
Event: 0.666 Loading class java/io/JbExtendedOpenOptions
Event: 0.666 Loading class java/io/JbExtendedOpenOptions done
Event: 0.666 Loading class sun/nio/fs/ExtendedOptions
Event: 0.666 Loading class sun/nio/fs/ExtendedOptions done
Event: 0.666 Loading class sun/nio/fs/ExtendedOptions$InternalOption
Event: 0.666 Loading class sun/nio/fs/ExtendedOptions$InternalOption done
Event: 0.666 Loading class sun/nio/fs/ExtendedOptions$Wrapper
Event: 0.666 Loading class sun/nio/fs/ExtendedOptions$Wrapper done
Event: 0.667 Loading class com/jetbrains/internal/IoOverNio$ParentForFileChannelImplHolder
Event: 0.667 Loading class com/jetbrains/internal/IoOverNio$ParentForFileChannelImplHolder done
Event: 0.667 Loading class java/nio/file/attribute/FileAttribute
Event: 0.667 Loading class java/nio/file/attribute/FileAttribute done
Event: 0.667 Loading class sun/nio/fs/WindowsSecurityDescriptor
Event: 0.668 Loading class sun/nio/fs/WindowsSecurityDescriptor done
Event: 0.668 Loading class sun/nio/fs/WindowsChannelFactory

Classes unloaded (0 events):
No events

Classes redefined (0 events):
No events

Internal exceptions (1 events):
Event: 0.658 Thread 0x00000208b1bfc910 Exception <a 'java/lang/NoSuchMethodError'{0x00000000ef888d48}: 'void java.lang.invoke.DirectMethodHandle$Holder.invokeInterface(java.lang.Object, java.lang.Object, java.lang.Object)'> (0x00000000ef888d48) 
thrown [s\src\hotspot\share\interpreter\linkResolver.cpp, line 815]

VM Operations (2 events):
Event: 0.603 Executing non-safepoint VM operation: HandshakeAllThreads (Deoptimize)
Event: 0.603 Executing non-safepoint VM operation: HandshakeAllThreads (Deoptimize) done

Memory protections (0 events):
No events

Nmethod flushes (0 events):
No events

Events (15 events):
Event: 0.232 Thread 0x00000208b1bfc910 Thread added: 0x00000208b1bfc910
Event: 0.301 Thread 0x00000208b1bfc910 Thread added: 0x00000208ca669580
Event: 0.308 Thread 0x00000208b1bfc910 Thread added: 0x00000208ca66a640
Event: 0.308 Thread 0x00000208b1bfc910 Thread added: 0x00000208ca68b400
Event: 0.309 Thread 0x00000208b1bfc910 Thread added: 0x00000208ca6940b0
Event: 0.309 Thread 0x00000208b1bfc910 Thread added: 0x00000208ca696880
Event: 0.309 Thread 0x00000208b1bfc910 Thread added: 0x00000208ca697bb0
Event: 0.310 Thread 0x00000208b1bfc910 Thread added: 0x00000208ca698370
Event: 0.310 Thread 0x00000208b1bfc910 Thread added: 0x00000208ca69c550
Event: 0.310 Thread 0x00000208b1bfc910 Thread added: 0x00000208ca6ad480
Event: 0.562 Thread 0x00000208ca6ad480 Thread added: 0x00000208caa14030
Event: 0.602 Thread 0x00000208b1bfc910 Thread added: 0x00000208caa5db70
Event: 0.615 Loaded shared library D:\Program Files\Android\Android Studio\jbr\bin\net.dll
Event: 0.619 Loaded shared library D:\Program Files\Android\Android Studio\jbr\bin\nio.dll
Event: 0.628 Loaded shared library D:\Program Files\Android\Android Studio\jbr\bin\zip.dll


Dynamic libraries:
0x00007ff7f4090000 - 0x00007ff7f409a000 	D:\Program Files\Android\Android Studio\jbr\bin\java.exe
0x00007ffa97840000 - 0x00007ffa97aa7000 	C:\WINDOWS\SYSTEM32\ntdll.dll
0x00007ffa95b90000 - 0x00007ffa95c5b000 	C:\WINDOWS\System32\KERNEL32.DLL
0x00007ffa94eb0000 - 0x00007ffa952b2000 	C:\WINDOWS\System32\KERNELBASE.dll
0x00007ffa952c0000 - 0x00007ffa9540c000 	C:\WINDOWS\System32\ucrtbase.dll
0x00007ffa8ed30000 - 0x00007ffa8ed4b000 	D:\Program Files\Android\Android Studio\jbr\bin\VCRUNTIME140.dll
0x00007ffa656e0000 - 0x00007ffa656f6000 	D:\Program Files\Android\Android Studio\jbr\bin\jli.dll
0x00007ffa96270000 - 0x00007ffa9643f000 	C:\WINDOWS\System32\USER32.dll
0x00007ffa81a40000 - 0x00007ffa81cd0000 	C:\WINDOWS\WinSxS\amd64_microsoft.windows.common-controls_6595b64144ccf1df_6.0.26100.9278_none_3e0d1ba8e3303201\COMCTL32.dll
0x00007ffa94a40000 - 0x00007ffa94a67000 	C:\WINDOWS\System32\win32u.dll
0x00007ffa97420000 - 0x00007ffa9744b000 	C:\WINDOWS\System32\GDI32.dll
0x00007ffa94cc0000 - 0x00007ffa94de9000 	C:\WINDOWS\System32\gdi32full.dll
0x00007ffa954b0000 - 0x00007ffa95553000 	C:\WINDOWS\System32\msvcp_win.dll
0x00007ffa97450000 - 0x00007ffa974f9000 	C:\WINDOWS\System32\msvcrt.dll
0x00007ffa95c60000 - 0x00007ffa95c91000 	C:\WINDOWS\System32\IMM32.DLL
0x00007ffa90d70000 - 0x00007ffa90d7c000 	D:\Program Files\Android\Android Studio\jbr\bin\vcruntime140_1.dll
0x00007ffa63c90000 - 0x00007ffa63d1d000 	D:\Program Files\Android\Android Studio\jbr\bin\msvcp140.dll
0x00007ff9f53e0000 - 0x00007ff9f62bd000 	D:\Program Files\Android\Android Studio\jbr\bin\server\jvm.dll
0x00007ffa96530000 - 0x00007ffa965ec000 	C:\WINDOWS\System32\ADVAPI32.dll
0x00007ffa97730000 - 0x00007ffa977d9000 	C:\WINDOWS\System32\sechost.dll
0x00007ffa96630000 - 0x00007ffa96748000 	C:\WINDOWS\System32\RPCRT4.dll
0x00007ffa95d90000 - 0x00007ffa95e10000 	C:\WINDOWS\System32\WS2_32.dll
0x00007ffa943f0000 - 0x00007ffa9444e000 	C:\WINDOWS\SYSTEM32\POWRPROF.dll
0x00007ffa846b0000 - 0x00007ffa846e6000 	C:\WINDOWS\SYSTEM32\WINMM.dll
0x00007ffa8ce40000 - 0x00007ffa8ce4b000 	C:\WINDOWS\SYSTEM32\VERSION.dll
0x00007ffa943d0000 - 0x00007ffa943e5000 	C:\WINDOWS\SYSTEM32\UMPDC.dll
0x00007ffa936d0000 - 0x00007ffa936eb000 	C:\WINDOWS\SYSTEM32\kernel.appcore.dll
0x00007ffa8ed20000 - 0x00007ffa8ed2a000 	D:\Program Files\Android\Android Studio\jbr\bin\jimage.dll
0x00007ffa91ec0000 - 0x00007ffa9210c000 	C:\WINDOWS\SYSTEM32\DBGHELP.DLL
0x00007ffa95ee0000 - 0x00007ffa96265000 	C:\WINDOWS\System32\combase.dll
0x00007ffa96450000 - 0x00007ffa96529000 	C:\WINDOWS\System32\OLEAUT32.dll
0x00007ffa62f80000 - 0x00007ffa62fbb000 	C:\WINDOWS\SYSTEM32\dbgcore.DLL
0x00007ffa94df0000 - 0x00007ffa94e9c000 	C:\WINDOWS\System32\bcryptPrimitives.dll
0x00007ffa85700000 - 0x00007ffa8571e000 	D:\Program Files\Android\Android Studio\jbr\bin\java.dll
0x00007ffa97500000 - 0x00007ffa9769a000 	C:\WINDOWS\System32\ole32.dll
0x00007ffa96c60000 - 0x00007ffa973f8000 	C:\WINDOWS\System32\SHELL32.dll
0x00007ffa84f10000 - 0x00007ffa84f26000 	D:\Program Files\Android\Android Studio\jbr\bin\zip.dll
0x00007ffa92480000 - 0x00007ffa92d2e000 	C:\WINDOWS\SYSTEM32\windows.storage.dll
0x00007ffa95760000 - 0x00007ffa9585b000 	C:\WINDOWS\System32\SHCORE.dll
0x00007ffa95d00000 - 0x00007ffa95d66000 	C:\WINDOWS\System32\shlwapi.dll
0x00007ffa94960000 - 0x00007ffa94989000 	C:\WINDOWS\SYSTEM32\profapi.dll
0x00007ffa8d5e0000 - 0x00007ffa8d5f0000 	D:\Program Files\Android\Android Studio\jbr\bin\net.dll
0x00007ffa93c70000 - 0x00007ffa93cdc000 	C:\WINDOWS\system32\mswsock.dll
0x00007ffa847a0000 - 0x00007ffa847b6000 	D:\Program Files\Android\Android Studio\jbr\bin\nio.dll

JVMTI agents: none

dbghelp: loaded successfully - version: 4.0.5 - missing functions: none
symbol engine: initialized successfully - sym options: 0x614 - pdb path: .;D:\Program Files\Android\Android Studio\jbr\bin;C:\WINDOWS\SYSTEM32;C:\WINDOWS\WinSxS\amd64_microsoft.windows.common-controls_6595b64144ccf1df_6.0.26100.9278_none_3e0d1ba8e3303201;D:\Program Files\Android\Android Studio\jbr\bin\server

VM Arguments:
jvm_args: -Djava.awt.headless=true -Djava.library.path=D:\Program Files\Android\Android Studio\jbr\bin;C:\WINDOWS\Sun\Java\bin;C:\WINDOWS\system32;C:\WINDOWS;D:\Program Files\Android\Android Studio\jbr\bin;C:\WINDOWS\system32;C:\WINDOWS;C:\WINDOWS\System32\Wbem;C:\WINDOWS\System32\WindowsPowerShell\v1.0\;C:\WINDOWS\System32\OpenSSH\;C:\Program Files\NVIDIA Corporation\NVIDIA App\NvDLISR;C:\Program Files (x86)\NVIDIA Corporation\PhysX\Common;C:\Program Files\Git\cmd;C:\Program Files\nodejs\;C:\Program Files\WinDirStat\;C:\Program Files\dotnet\;C:\Users\sunaan\AppData\Local\Programs\Python\Python313\Scripts\;C:\Users\sunaan\AppData\Local\Programs\Python\Python313\;C:\Users\sunaan\AppData\Local\Programs\Python\Launcher\;C:\Users\sunaan\AppData\Local\Microsoft\WindowsApps;C:\Users\sunaan\AppData\Local\GitHubDesktop\bin;C:\Users\sunaan\AppData\Roaming\npm;C:\Users\sunaan\.dotnet\tools;C:\Users\sunaan\AppData\Local\Programs\Microsoft VS Code\bin;C:\Users\sunaan\.local\bin;.;D:\StudioProjects\ForzaTimer\app\src\testDebug\jniLibs;D:\StudioProjects\ForzaTimer\app\src\test\jniLibs -Dorg.gradle.internal.worker.tmpdir=D:\StudioProjects\ForzaTimer\app\build\tmp\testDebugUnitTest\work --add-opens=java.base/java.io=ALL-UNNAMED -Xmx512m -Dfile.encoding=UTF-8 -Duser.country=US -Duser.language=en -Duser.variant -ea 
java_command: worker.org.gradle.process.internal.worker.GradleWorkerMain 'Gradle Test Executor 1'
java_class_path (initial): C:\\Users\\sunaan\\.gradle\\caches\\9.6.0\\workerMain\\gradle-worker.jar;D:\\StudioProjects\\ForzaTimer\\app\\build\\intermediates\\built_in_kotlinc\\debugUnitTest\\compileDebugUnitTestKotlin\\classes;D:\\StudioProjects\\ForzaTimer\\app\\build\\intermediates\\java_res\\debugUnitTest\\processDebugUnitTestJavaRes\\out;D:\\StudioProjects\\ForzaTimer\\app\\build\\intermediates\\runtime_app_classes_jar\\debug\\bundleDebugClassesToRuntimeJar\\classes.jar;C:\\Users\\sunaan\\.gradle\\caches\\modules-2\\files-2.1\\junit\\junit\\4.13.2\\8ac9e16d933b6fb43bc7f576336b8f4d7eb5ba12\\junit-4.13.2.jar;C:\\Users\\sunaan\\.gradle\\caches\\9.6.0\\transforms\\94ecfeec88de0279065a4a77c765cc42\\transformed\\material3-runtime.jar;C:\\Users\\sunaan\\.gradle\\caches\\9.6.0\\transforms\\0279da3848c83e33453925d4967851ec\\transformed\\material-runtime.jar;C:\\Users\\sunaan\\.gradle\\caches\\9.6.0\\transforms\\66259e925280efbd52194ffc863fa892\\transformed\\material-ripple-runtime.jar;C:\\Users\\sunaan\\.gradle\\caches\\9.6.0\\transforms\\d70968150ba2bb74799bfdb4a05251f0\\transformed\\foundation-runtime.jar;C:\\Users\\sunaan\\.gradle\\caches\\9.6.0\\transforms\\7ec000b67121407bd1322a957c5992fe\\transformed\\animation-runtime.jar;C:\\Users\\sunaan\\.gradle\\caches\\9.6.0\\transforms\\dbd713e8205085bdccd21fabeeeef0f7\\transformed\\foundation-layout-runtime.jar;C:\\Users\\sunaan\\.gradle\\caches\\9.6.0\\transforms\\7001f81f46b83381a3a255e786ddc353\\transformed\\animation-core-runtime.jar;C:\\Users\\sunaan\\.gradle\\caches\\9.6.0\\transforms\\5aaa5295ed85d165e3836a168cb29afe\\transformed\\ui-tooling-data-runtime.jar;C:\\Users\\sunaan\\.gradle\\caches\\9.6.0\\transforms\\74a44fcdeb2d242b71b94f352b13b02b\\transformed\\ui-unit-runtime.jar;C:\\Users\\sunaan\\.gradle\\caches\\9.6.0\\transforms\\ffbd7166c085c6a5fa6bddbe26a5368f\\transformed\\ui-geometry-runtime.jar;C:\\Users\\sunaan\\.gradle\\caches\\9.6.0\\transforms\\d5f5517fc2284fff7d8384ad41ca7200\\transformed\\ui-util-runtime.jar;C:\\Users\\sunaan\\.gradle\\caches\\9.6.0\\transforms\\859d3be9906f1464993baaecb9ccc650\\transformed\\ui-text-runtime.jar;C:\\Users\\sunaan\\.gradle\\caches\\9.6.0\\transforms\\6e5bab2795c2c7ef6683d0d239cab23f\\transformed\\ui-tooling-preview-runtime.jar;C:\\Users\\sunaan\\.gradle\\caches\\9.6.0\\transforms\\b7d20f9349f77cdec8613a534afd00df\\transformed\\ui-tooling-runtime.jar;C:\\Users\\sunaan\\.gradle\\caches\\9.6.0\\transforms\\f6d7cd8569c36cbf90e38bb02dba4923\\transformed\\ui-graphics-runtime.jar;C:\\Users\\sunaan\\.gradle\\caches\\9.6.0\\transforms\\94fc96dbfa015688d04bfef73ebe7b0a\\transformed\\navigationevent-runtime.jar;C:\\Users\\sunaan\\.gradle\\caches\\9.6.0\\transforms\\a66a8c9910b5f75e85354dfd80f88f0e\\transformed\\navigationevent-compose-runtime.jar;C:\\Users\\sunaan\\.gradle\\caches\\9.6.0\\transforms\\645d6209d2711a5bb49c9ddab55a28e0\\transformed\\activity-ktx-1.13.0-runtime.jar;C:\\Users\\sunaan\\.gradle\\caches\\9.6.0\\transforms\\4d6be775a88eef44e0534f9fdf7010d7\\transformed\\customview-poolingcontainer-1.0.0-runtime.jar;C:\\Users\\sunaan\\.gradle\\caches\\9.6.0\\transforms\\3f0c8ba71ce8d004c470ab6de1b1547f\\transformed\\emoji2-1.4.0-runtime.jar;C:\\Users\\sunaan\\.gradle\\caches\\9.6.0\\transforms\\0e7d91772599a62e9ea45fdf29d70bdc\\transformed\\transition-1.6.0-runtime.jar;C:\\Users\\sunaan\\.gradle\\caches\\9.6.0\\transforms\\146ebfc0d1fe449a4d3d1418a79ae8b3\\transformed\\dynamicanimation-1.0.0-runtime.jar;C:\\Users\\sunaan\\.gradle\\caches\\9.6.0\\transforms\\687f95915ece3d2a5ee67aae3668595e\\transformed\\legacy-support-core-utils-1.0.0-runtime.jar;C:\\Users\\sunaan\\.gradle\\caches\\9.6.0\\transforms\\e1c58fda3651e055c9f3e5c23d72c9ff\\transformed\\loader-1.0.0-runtime.jar;C:\\Users\\sunaan\\.gradle\\caches\\9.6.0\\transforms\\b67444d2bf825ef517a89dbed094ae7d\\transformed\\lifecycle-livedata-core-ktx-2.11.0-runtime.jar;C:\\Users\\sunaan\\.gradle\\caches\\9.6.0\\transforms\\e8eb9770f38f0b661f11113b8cdb0e15\\transformed\\lifecycle-livedata-2.11.0-runtime.jar;C:\\Users\\sunaan\\.gradle\\caches\\9.6.0\\transforms\\960f5ff73fa9a4badddae0454c0e76ae\\transformed\\lifecycle-process-2.11.0-runtime.jar;C:\\Users\\sunaan\\.gradle\\caches\\9.6.0\\transforms\\918fd266a9dda21133cffa183ae555d9\\transformed\\lifecycle-livedata-core-2.11.0-runtime.jar;C:\\Users\\sunaan\\.gradle\\caches\\9.6.0\\transforms\\fe20b3e81abb9db905673fef40fc96b6\\transformed\\lifecycle-viewmodel-2.11.0-runtime.jar;C:\\Users\\sunaan\\.gradle\\caches\\9.6.0\\transforms\\41c0c8b22c10ca23c586ea7fd1531ae0\\transformed\\lifecycle-viewmodel-runtime.jar;C:\\Users\\sunaan\\.gradle\\caches\\9.6.0\\transforms\\cca6d0997e4e1bf119509eadacb8127d\\transformed\\runtime-retain-runtime.jar;C:\\Users\\sunaan\\.gradle\\caches\\9.6.0\\transforms\\14f6dde279702de116a527b5917771c7\\transformed\\runtime-annotation-runtime.jar;C:\\Users\\sunaan\\.gradle\\caches\\9.6.0\\transforms\\144a72688f51eae1e3aece122c003acc\\transformed\\runtime-runtime.jar;C:\\Users\\sunaan\\.gradle\\caches\\9.6.0\\transforms\\30ac897f46269d79697dd292dfd02c0c\\transformed\\runtime-saveable-runtime.jar;C:\\Users\\sunaan\\.gradle\\caches\\9.6.0\\transforms\\2c02443849367431c03615d405c2809d\\transformed\\savedstate-compose-runtime.jar;C:\\Users\\sunaan\\.gradle\\caches\\9.6.0\\transforms\\666506da30d6e9cf1252dd47d37a6f22\\transformed\\savedstate-ktx-1.4.0-runtime.jar;C:\\Users\\sunaan\\.gradle\\caches\\9.6.0\\transforms\\f86893e935bfaef7036feb3133fe6942\\transformed\\savedstate-runtime.jar;C:\\Users\\sunaan\\.gradle\\caches\\modules-2\\files-2.1\\androidx.lifecycle\\lifecycle-common-jvm\\2.11.0\\2c4f7d92f1fd723121d394c93455f50158403ad9\\lifecycle-common-jvm-2.11.0.jar;C:\\Users\\sunaan\\.gradle\\caches\\9.6.0\\transforms\\65ded36c8131811410d546c00b5b8655\\transformed\\lifecycle-viewmodel-savedstate-runtime.jar;C:\\Users\\sunaan\\.gradle\\caches\\9.6.0\\transforms\\10a47e46926890229233529b94cbdc9b\\transformed\\core-ktx-1.19.0-runtime.jar;C:\\Users\\sunaan\\.gradle\\caches\\9.6.0\\transforms\\618c5759903e3ce2ca958cce4bdece09\\transformed\\autofill-1.0.0-runtime.jar;C:\\Users\\sunaan\\.gradle\\caches\\9.6.0\\transforms\\44cf432568445526d9f43e033096a30d\\transformed\\window-core-runtime.jar;C:\\Users\\sunaan\\.gradle\\caches\\9.6.0\\transforms\\a115809161a10cd8395f6fa7728f020c\\transformed\\window-1.5.0-runtime.jar;C:\\Users\\sunaan\\.gradle\\caches\\9.6.0\\transforms\\1f6129679f1bc3a860d899b097608362\\transformed\\graphics-path-1.0.1-runtime.jar;C:\\Users\\sunaan\\.gradle\\caches\\9.6.0\\transforms\\b9e897c599b6d978da67cf2a6d200f95\\transformed\\core-1.19.0-runtime.jar;C:\\Users\\sunaan\\.gradle\\caches\\9.6.0\\transforms\\f734c4cac2fed697c183ae145944ab9c\\transformed\\lifecycle-runtime-runtime.jar;C:\\Users\\sunaan\\.gradle\\caches\\9.6.0\\transforms\\8ca8a3df87aa6f197d67ffdef1d37294\\transformed\\lifecycle-viewmodel-ktx-2.11.0-runtime.jar;C:\\Users\\sunaan\\.gradle\\caches\\modules-2\\files-2.1\\androidx.lifecycle\\lifecycle-common-java8\\2.11.0\\9d9c098b5dc3bbcdce8ec4495991b9b0ee25606e\\lifecycle-common-java8-2.11.0.jar;C:\\Users\\sunaan\\.gradle\\caches\\9.6.0\\transforms\\f0b1bcfa66d166b2c055b51733c9d70e\\transformed\\lifecycle-runtime-ktx-runtime.jar;C:\\Users\\sunaan\\.gradle\\caches\\9.6.0\\transforms\\86644430532d284e40e4ee132d5b3e4d\\transformed\\lifecycle-runtime-compose-runtime.jar;C:\\Users\\sunaan\\.gradle\\caches\\9.6.0\\transforms\\be3b394251ffe7d3e4825505641873b2\\transformed\\ui-runtime.jar;C:\\Users\\sunaan\\.gradle\\caches\\9.6.0\\transforms\\d8471960c5f91d41220e7b750c19ea4b\\transformed\\ui-test-manifest-1.10.4-runtime.jar;C:\\Users\\sunaan\\.gradle\\caches\\9.6.0\\transforms\\741b00b552fb41f811226db24e84d060\\transformed\\activity-1.13.0-runtime.jar;C:\\Users\\sunaan\\.gradle\\caches\\9.6.0\\transforms\\dbf1e0d70a8b0b4ebcfb0db31262b682\\transformed\\activity-compose-1.13.0-runtime.jar;C:\\Users\\sunaan\\.gradle\\caches\\9.6.0\\transforms\\f6a07091e8f77b8632c1ddc2cb1a6a65\\transformed\\core-viewtree-1.0.0-runtime.jar;C:\\Users\\sunaan\\.gradle\\caches\\modules-2\\files-2.1\\org.jetbrains.kotlinx\\kotlinx-coroutines-android\\1.9.0\\6cf3b8df5a2ce8c6b0dffe55657a827c405ee2fe\\kotlinx-coroutines-android-1.9.0.jar;C:\\Users\\sunaan\\.gradle\\caches\\modules-2\\files-2.1\\org.jetbrains.kotlinx\\kotlinx-coroutines-core-jvm\\1.9.0\\9beade4c1c1569e4f36cbd2c37e02e3e41502601\\kotlinx-coroutines-core-jvm-1.9.0.jar;C:\\Users\\sunaan\\.gradle\\caches\\9.6.0\\transforms\\da5d391c0d34aa1f93272e8ff89737c1\\transformed\\annotation-experimental-1.4.1-runtime.jar;C:\\Users\\sunaan\\.gradle\\caches\\9.6.0\\transforms\\d613b6f0906ba603394b3ed5c0b7a647\\transformed\\profileinstaller-1.4.0-runtime.jar;C:\\Users\\sunaan\\.gradle\\caches\\9.6.0\\transforms\\e3651e6167349bf93f371931ea7f7023\\transformed\\startup-runtime-1.1.1-runtime.jar;C:\\Users\\sunaan\\.gradle\\caches\\9.6.0\\transforms\\7b1d1b29ed2a28a1a440760ef05780a9\\transformed\\tracing-1.2.0-runtime.jar;C:\\Users\\sunaan\\.gradle\\caches\\9.6.0\\transforms\\c3b5bea449341c51e92116cca6cd90e7\\transformed\\interpolator-1.0.0-runtime.jar;C:\\Users\\sunaan\\.gradle\\caches\\9.6.0\\transforms\\3bfb3933e75beb50c10933f224b721cc\\transformed\\versionedparcelable-1.1.1-runtime.jar;C:\\Users\\sunaan\\.gradle\\caches\\modules-2\\files-2.1\\androidx.concurrent\\concurrent-futures\\1.1.0\\50b7fb98350d5f42a4e49704b03278542293ba48\\concurrent-futures-1.1.0.jar;C:\\Users\\sunaan\\.gradle\\caches\\modules-2\\files-2.1\\androidx.collection\\collection-ktx\\1.5.0\\27c78a926a16a1bf792b2285cf2834e8caae4a07\\collection-ktx-1.5.0.jar;C:\\Users\\sunaan\\.gradle\\caches\\modules-2\\files-2.1\\androidx.collection\\collection-jvm\\1.5.0\\7ba2c69414d46ebc2dd76598bdd0a75c54281a57\\collection-jvm-1.5.0.jar;C:\\Users\\sunaan\\.gradle\\caches\\9.6.0\\transforms\\2cbbcf6373cef90d75122a059ab1380e\\transformed\\core-runtime-2.2.0-runtime.jar;C:\\Users\\sunaan\\.gradle\\caches\\modules-2\\files-2.1\\androidx.arch.core\\core-common\\2.2.0\\5e1b8b81dfd5f52c56a8d53b18ca759c19a301f3\\core-common-2.2.0.jar;C:\\Users\\sunaan\\.gradle\\caches\\9.6.0\\transforms\\1c71ec9abb52940575a95008c8f753d3\\transformed\\documentfile-1.0.0-runtime.jar;C:\\Users\\sunaan\\.gradle\\caches\\9.6.0\\transforms\\67f6ded3c19c5e006eb79d56e3bab4cb\\transformed\\localbroadcastmanager-1.0.0-runtime.jar;C:\\Users\\sunaan\\.gradle\\caches\\9.6.0\\transforms\\5bb61b1e4d26865469d4ebe9df5fd67d\\transformed\\print-1.0.0-runtime.jar;C:\\Users\\sunaan\\.gradle\\caches\\modules-2\\files-2.1\\androidx.annotation\\annotation-jvm\\1.10.0\\388cfaa79001d0f024d28f6a13d5a3dfc2f0e18f\\annotation-jvm-1.10.0.jar;C:\\Users\\sunaan\\.gradle\\caches\\modules-2\\files-2.1\\org.jetbrains.kotlinx\\kotlinx-serialization-core-jvm\\1.7.3\\1f226780b845ff9206474c05159245d861556249\\kotlinx-serialization-core-jvm-1.7.3.jar;C:\\Users\\sunaan\\.gradle\\caches\\modules-2\\files-2.1\\org.jetbrains.kotlin\\kotlin-stdlib\\2.2.10\\30de6faa127a4a012db8e71bf1b9c0a99b1402b2\\kotlin-stdlib-2.2.10.jar;C:\\Users\\sunaan\\.gradle\\caches\\modules-2\\files-2.1\\org.hamcrest\\hamcrest-core\\1.3\\42a25dc3219429f0e5d060061f71acb49bf010a0\\hamcrest-core-1.3.jar;C:\\Users\\sunaan\\.gradle\\caches\\modules-2\\files-2.1\\org.jetbrains\\annotations\\23.0.0\\8cc20c07506ec18e0834947b84a864bfc094484e\\annotations-23.0.0.jar;C:\\Users\\sunaan\\.gradle\\caches\\modules-2\\files-2.1\\com.google.guava\\listenablefuture\\1.0\\c949a840a6acbc5268d088e47b04177bf90b3cad\\listenablefuture-1.0.jar;C:\\Users\\sunaan\\.gradle\\caches\\modules-2\\files-2.1\\org.jspecify\\jspecify\\1.0.0\\7425a601c1c7ec76645a78d22b8c6a627edee507\\jspecify-1.0.0.jar;D:\\StudioProjects\\ForzaTimer\\app\\build\\intermediates\\java_res\\debug\\processDebugJavaRes\\out;C:\\Users\\sunaan\\.gradle\\caches\\9.6.0\\transforms\\329c3e0797d1bcb341c82864cdb8d0de\\transformed\\material3\\jars\\classes.jar;C:\\Users\\sunaan\\.gradle\\caches\\9.6.0\\transforms\\54c049fcffb800f2a813db58c9fe4547\\transformed\\material\\jars\\classes.jar;C:\\Users\\sunaan\\.gradle\\caches\\9.6.0\\transforms\\612d95b3af988b6e45b153b30b60597d\\transformed\\material-ripple\\jars\\classes.jar;C:\\Users\\sunaan\\.gradle\\caches\\9.6.0\\transforms\\20716fd6ea297c9bdc58623003d38e15\\transformed\\foundation\\jars\\classes.jar;C:\\Users\\sunaan\\.gradle\\caches\\9.6.0\\transforms\\08a4d986b74f825b1c9520f1c88e48c3\\transformed\\animation\\jars\\classes.jar;C:\\Users\\sunaan\\.gradle\\caches\\9.6.0\\transforms\\148dd22d8a3053549e80178673f37908\\transformed\\foundation-layout\\jars\\classes.jar;C:\\Users\\sunaan\\.gradle\\caches\\9.6.0\\transforms\\43973139cfb960c9eea01dd27f998e31\\transformed\\animation-core\\jars\\classes.jar;C:\\Users\\sunaan\\.gradle\\caches\\9.6.0\\transforms\\83329a4c462780ea1f198372aa9fc53c\\transformed\\ui-tooling-data\\jars\\classes.jar;C:\\Users\\sunaan\\.gradle\\caches\\9.6.0\\transforms\\3c89cf327f5f66f0471f3616b05c18a7\\transformed\\ui-unit\\jars\\classes.jar;C:\\Users\\sunaan\\.gradle\\caches\\9.6.0\\transforms\\7bf406bc81994d0910b880f7a0dacee9\\transformed\\ui-geometry\\jars\\classes.jar;C:\\Users\\sunaan\\.gradle\\caches\\9.6.0\\transforms\\0ec23084c46efe818bb55f256f410189\\transformed\\ui-util\\jars\\classes.jar;C:\\Users\\sunaan\\.gradle\\caches\\9.6.0\\transforms\\5f5e7a70c63d30e3001d6582286681ce\\transformed\\ui-text\\jars\\classes.jar;C:\\Users\\sunaan\\.gradle\\caches\\9.6.0\\transforms\\27eed561a682b9f3775b950476a35933\\transformed\\ui-tooling-preview\\jars\\classes.jar;C:\\Users\\sunaan\\.gradle\\caches\\9.6.0\\transforms\\48f91881601d10e7a3755203a7f7c355\\transformed\\ui-tooling\\jars\\classes.jar;C:\\Users\\sunaan\\.gradle\\caches\\9.6.0\\transforms\\f0cf91ac9c40fe59a0455fdc2320c193\\transformed\\ui-graphics\\jars\\classes.jar;C:\\Users\\sunaan\\.gradle\\caches\\9.6.0\\transforms\\f1a48105607dde137ee4b300f7b3ce0c\\transformed\\navigationevent\\jars\\classes.jar;C:\\Users\\sunaan\\.gradle\\caches\\9.6.0\\transforms\\f70c7cd1c52725dccc40a37f636e2ec3\\transformed\\navigationevent-compose\\jars\\classes.jar;C:\\Users\\sunaan\\.gradle\\caches\\9.6.0\\transforms\\6349b8643d346156af9787d0e4223bc3\\transformed\\activity-ktx-1.13.0\\jars\\classes.jar;C:\\Users\\sunaan\\.gradle\\caches\\9.6.0\\transforms\\d9f43dbd0b227bd5940b1ae2319cc76b\\transformed\\customview-poolingcontainer-1.0.0\\jars\\classes.jar;C:\\Users\\sunaan\\.gradle\\caches\\9.6.0\\transforms\\bd878acfe6af176e9ee702cf2365c11c\\transformed\\emoji2-1.4.0\\jars\\classes.jar;C:\\Users\\sunaan\\.gradle\\caches\\9.6.0\\transforms\\bd878acfe6af176e9ee702cf2365c11c\\transformed\\emoji2-1.4.0\\jars\\libs\\repackaged.jar;C:\\Users\\sunaan\\.gradle\\caches\\9.6.0\\transforms\\a9b318548b2475c6cab9a528450a1999\\transformed\\transition-1.6.0\\jars\\classes.jar;C:\\Users\\sunaan\\.gradle\\caches\\9.6.0\\transforms\\435c99180b89a26cbb31e8a3bbbfff66\\transformed\\dynamicanimation-1.0.0\\jars\\classes.jar;C:\\Users\\sunaan\\.gradle\\caches\\9.6.0\\transforms\\a8a48c203ca16f058fd3829e6a9ce0e8\\transformed\\legacy-support-core-utils-1.0.0\\jars\\classes.jar;C:\\Users\\sunaan\\.gradle\\caches\\9.6.0\\transforms\\db6a4a817f84b266cf8d37eeb20113d6\\transformed\\loader-1.0.0\\jars\\classes.jar;C:\\Users\\sunaan\\.gradle\\caches\\9.6.0\\transforms\\da348b3545e54939e7730e90da36b16d\\transformed\\lifecycle-livedata-core-ktx-2.11.0\\jars\\classes.jar;C:\\Users\\sunaan\\.gradle\\caches\\9.6.0\\transforms\\aecb9efccb88cb1dcfdaccf82bc26f76\\transformed\\lifecycle-livedata-2.11.0\\jars\\classes.jar;C:\\Users\\sunaan\\.gradle\\caches\\9.6.0\\transforms\\6655cc16fa30661e756b08d69fe4b6fd\\transformed\\lifecycle-process-2.11.0\\jars\\classes.jar;C:\\Users\\sunaan\\.gradle\\caches\\9.6.0\\transforms\\ca53240807b842d3f55b3cb85610f8c5\\transformed\\lifecycle-livedata-core-2.11.0\\jars\\classes.jar;C:\\Users\\sunaan\\.gradle\\caches\\9.6.0\\transforms\\dc19bf3c50eecf4ff5376a0c7b5b07c7\\transformed\\lifecycle-viewmodel-2.11.0\\jars\\classes.jar;C:\\Users\\sunaan\\.gradle\\caches\\9.6.0\\transforms\\d038d6b6eda1296b3c1d0cddbe97bbfa\\transformed\\lifecycle-viewmodel\\jars\\classes.jar;C:\\Users\\sunaan\\.gradle\\caches\\9.6.0\\transforms\\574086175a9b48053796efb198e2d08f\\transformed\\runtime-retain\\jars\\classes.jar;C:\\Users\\sunaan\\.gradle\\caches\\9.6.0\\transforms\\97ed5701612136d04ebe0d93c083779d\\transformed\\runtime-annotation\\jars\\classes.jar;C:\\Users\\sunaan\\.gradle\\caches\\9.6.0\\transforms\\381ba605e5217a028afe33ef15e17b6c\\transformed\\runtime\\jars\\classes.jar;C:\\Users\\sunaan\\.gradle\\caches\\9.6.0\\transforms\\015ef443856d1d399e2ce4defc6caa6b\\transformed\\runtime-saveable\\jars\\classes.jar;C:\\Users\\sunaan\\.gradle\\caches\\9.6.0\\transforms\\de3edafbafbca549a05ebe1a79353af5\\transformed\\savedstate-compose\\jars\\classes.jar;C:\\Users\\sunaan\\.gradle\\caches\\9.6.0\\transforms\\9154e29787ac6111e2931654ded3d239\\transformed\\savedstate-ktx-1.4.0\\jars\\classes.jar;C:\\Users\\sunaan\\.gradle\\caches\\9.6.0\\transforms\\e3a0f0ccbe74e1466dcd9803a211f127\\transformed\\savedstate\\jars\\classes.jar;C:\\Users\\sunaan\\.gradle\\caches\\9.6.0\\transforms\\d10e04a13c6e1508a124a2dda27017be\\transformed\\lifecycle-viewmodel-savedstate\\jars\\classes.jar;C:\\Users\\sunaan\\.gradle\\caches\\9.6.0\\transforms\\e0a861cf8069beb5a2479f29ca394a29\\transformed\\core-ktx-1.19.0\\jars\\classes.jar;C:\\Users\\sunaan\\.gradle\\caches\\9.6.0\\transforms\\cfcdb58bb3e5916a2519aae690b85845\\transformed\\autofill-1.0.0\\jars\\classes.jar;C:\\Users\\sunaan\\.gradle\\caches\\9.6.0\\transforms\\9caf35b83bb74ff953e2d455f0923f33\\transformed\\window-core\\jars\\classes.jar;C:\\Users\\sunaan\\.gradle\\caches\\9.6.0\\transforms\\0ad35ea8f6244cea0adc214690f08476\\transformed\\window-1.5.0\\jars\\classes.jar;C:\\Users\\sunaan\\.gradle\\caches\\9.6.0\\transforms\\899d53e6aca8eb7bbec210377ed2f3de\\transformed\\graphics-path-1.0.1\\jars\\classes.jar;C:\\Users\\sunaan\\.gradle\\caches\\9.6.0\\transforms\\d97d4bc5161722895f51c150cc95cb24\\transformed\\core-1.19.0\\jars\\classes.jar;C:\\Users\\sunaan\\.gradle\\caches\\9.6.0\\transforms\\601f55749f68f22734b05db3e7dd352b\\transformed\\lifecycle-runtime\\jars\\classes.jar;C:\\Users\\sunaan\\.gradle\\caches\\9.6.0\\transforms\\1de2212bb73d4e38a54cfe595746bb13\\transformed\\lifecycle-viewmodel-ktx-2.11.0\\jars\\classes.jar;C:\\Users\\sunaan\\.gradle\\caches\\9.6.0\\transforms\\962f8685ab5dc6c966bea50c09eff49d\\transformed\\lifecycle-runtime-ktx\\jars\\classes.jar;C:\\Users\\sunaan\\.gradle\\caches\\9.6.0\\transforms\\1149c2e06409b82d82b637baa4dada7b\\transformed\\lifecycle-runtime-compose\\jars\\classes.jar;C:\\Users\\sunaan\\.gradle\\caches\\9.6.0\\transforms\\bbe05ea0e63059d73985c28a1ed20d29\\transformed\\ui\\jars\\classes.jar;C:\\Users\\sunaan\\.gradle\\caches\\9.6.0\\transforms\\43a9474a78a528f40ee2b7e8e6024acf\\transformed\\ui-test-manifest-1.10.4\\jars\\classes.jar;C:\\Users\\sunaan\\.gradle\\caches\\9.6.0\\transforms\\0878c1860fb44289a44b94fc689619cd\\transformed\\activity-1.13.0\\jars\\classes.jar;C:\\Users\\sunaan\\.gradle\\caches\\9.6.0\\transforms\\e672fe1e7a3b310d7c5e74a1de749027\\transformed\\activity-compose-1.13.0\\jars\\classes.jar;C:\\Users\\sunaan\\.gradle\\caches\\9.6.0\\transforms\\f6439cbdbe10f5144d8903754bcfd27c\\transformed\\core-viewtree-1.0.0\\jars\\classes.jar;C:\\Users\\sunaan\\.gradle\\caches\\9.6.0\\transforms\\f62c91cb27251d5281e5ead57bdc5efe\\transformed\\annotation-experimental-1.4.1\\jars\\classes.jar;C:\\Users\\sunaan\\.gradle\\caches\\9.6.0\\transforms\\17908a89ed09dfddd5d07b566634d5a3\\transformed\\profileinstaller-1.4.0\\jars\\classes.jar;C:\\Users\\sunaan\\.gradle\\caches\\9.6.0\\transforms\\f0b863f9a1adeb51f2f2153def214b29\\transformed\\startup-runtime-1.1.1\\jars\\classes.jar;C:\\Users\\sunaan\\.gradle\\caches\\9.6.0\\transforms\\8c64c119f20e021814d97aa15805015b\\transformed\\tracing-1.2.0\\jars\\classes.jar;C:\\Users\\sunaan\\.gradle\\caches\\9.6.0\\transforms\\e33eb5ba788c44ceb9d360d8475b542a\\transformed\\interpolator-1.0.0\\jars\\classes.jar;C:\\Users\\sunaan\\.gradle\\caches\\9.6.0\\transforms\\f022543f6101802f7a158773a6d541d6\\transformed\\versionedparcelable-1.1.1\\jars\\classes.jar;C:\\Users\\sunaan\\.gradle\\caches\\9.6.0\\transforms\\f1190ac81f76d4bf834409bbb14a663f\\transformed\\core-runtime-2.2.0\\jars\\classes.jar;C:\\Users\\sunaan\\.gradle\\caches\\9.6.0\\transforms\\6d7d441392325a83797f483eefac9a51\\transformed\\documentfile-1.0.0\\jars\\classes.jar;C:\\Users\\sunaan\\.gradle\\caches\\9.6.0\\transforms\\766169e86c4abb3d6a2889f4709185a2\\transformed\\localbroadcastmanager-1.0.0\\jars\\classes.jar;C:\\Users\\sunaan\\.gradle\\caches\\9.6.0\\transforms\\44ec4eb09452757b9caa61b90874fc86\\transformed\\print-1.0.0\\jars\\classes.jar;D:\\StudioProjects\\ForzaTimer\\app\\build\\intermediates\\compile_and_runtime_r_class_jar\\debug\\processDebugResources\\R.jar;C:\\Users\\sunaan\\.gradle\\caches\\9.6.0\\transforms\\59c99e986fa79d334be81ae95fc145c1\\transformed\\android.jar
Launcher Type: SUN_STANDARD

[Global flags]
     intx CICompilerCount                          = 12                                        {product} {ergonomic}
     uint ConcGCThreads                            = 3                                         {product} {ergonomic}
     uint G1ConcRefinementThreads                  = 13                                        {product} {ergonomic}
   size_t G1HeapRegionSize                         = 1048576                                   {product} {ergonomic}
   size_t InitialHeapSize                          = 264241152                                 {product} {ergonomic}
   size_t MarkStackSize                            = 4194304                                   {product} {ergonomic}
   size_t MarkStackSizeMax                         = 536870912                                 {product} {ergonomic}
   size_t MaxHeapSize                              = 536870912                                 {product} {command line}
   size_t MaxNewSize                               = 321912832                                 {product} {ergonomic}
   size_t MinHeapDeltaBytes                        = 1048576                                   {product} {ergonomic}
   size_t MinHeapSize                              = 8388608                                   {product} {ergonomic}
    uintx NonNMethodCodeHeapSize                   = 7667712                                {pd product} {ergonomic}
    uintx NonProfiledCodeHeapSize                  = 122028032                              {pd product} {ergonomic}
    uintx ProfiledCodeHeapSize                     = 122028032                              {pd product} {ergonomic}
    uintx ReservedCodeCacheSize                    = 251723776                              {pd product} {ergonomic}
     bool SegmentedCodeCache                       = true                                      {product} {ergonomic}
   size_t SoftMaxHeapSize                          = 536870912                              {manageable} {ergonomic}
     bool UseCompressedOops                        = true                           {product lp64_product} {ergonomic}
     bool UseG1GC                                  = true                                      {product} {ergonomic}
     bool UseLargePagesIndividualAllocation        = false                                  {pd product} {ergonomic}

Logging:
Log output configuration:
 #0: stdout all=warning uptime,level,tags foldmultilines=false
 #1: stderr all=off uptime,level,tags foldmultilines=false

Release file:
<release file has not been read>
Environment Variables:
JAVA_HOME=D:\Program Files\Android\Android Studio\jbr
PATH=D:\Program Files\Android\Android Studio\jbr\bin;C:\WINDOWS\system32;C:\WINDOWS;C:\WINDOWS\System32\Wbem;C:\WINDOWS\System32\WindowsPowerShell\v1.0\;C:\WINDOWS\System32\OpenSSH\;C:\Program Files\NVIDIA Corporation\NVIDIA App\NvDLISR;C:\Program Files (x86)\NVIDIA Corporation\PhysX\Common;C:\Program Files\Git\cmd;C:\Program Files\nodejs\;C:\Program Files\WinDirStat\;C:\Program Files\dotnet\;C:\Users\sunaan\AppData\Local\Programs\Python\Python313\Scripts\;C:\Users\sunaan\AppData\Local\Programs\Python\Python313\;C:\Users\sunaan\AppData\Local\Programs\Python\Launcher\;C:\Users\sunaan\AppData\Local\Microsoft\WindowsApps;C:\Users\sunaan\AppData\Local\GitHubDesktop\bin;C:\Users\sunaan\AppData\Roaming\npm;C:\Users\sunaan\.dotnet\tools;C:\Users\sunaan\AppData\Local\Programs\Microsoft VS Code\bin;C:\Users\sunaan\.local\bin
USERNAME=sunaan
OS=Windows_NT
PROCESSOR_IDENTIFIER=Intel64 Family 6 Model 154 Stepping 3, GenuineIntel
TMP=C:\Users\sunaan\AppData\Local\Temp
TEMP=C:\Users\sunaan\AppData\Local\Temp




Compilation memory statistics disabled.

Periodic native trim disabled

JNI global refs:
JNI global refs: 16, weak refs: 0

JNI global refs memory usage: 835, weak refs: 833

Process memory usage:
Resident Set Size: 46140K (0% of 16456184K total physical memory with 303404K free physical memory)

OOME stack traces (most recent first):
Classloader memory used:
Loader bootstrap                                                                       : 8215 K
Loader java.net.URLClassLoader                                                         : 129 K
Loader jdk.internal.loader.ClassLoaders$AppClassLoader                                 : 84928 B

---------------  S Y S T E M  ---------------

OS:
 Windows 11 , 64 bit Build 26100 (10.0.26100.9444)
OS uptime: 2 days 16:43 hours
Hyper-V role detected

CPU: total 16 (initial active 16) (8 cores per cpu, 2 threads per core) family 6 model 154 stepping 3 microcode 0x423, cx8, cmov, fxsr, ht, mmx, 3dnowpref, sse, sse2, sse3, ssse3, sse4.1, sse4.2, popcnt, lzcnt, tsc, tscinvbit, avx, avx2, aes, erms, clmul, bmi1, bmi2, adx, sha, fma, vzeroupper, clflush, clflushopt, clwb, hv, serialize, rdtscp, rdpid, fsrm, gfni, f16c, cet_ibt, cet_ss
Processor Information for processor 0
  Max Mhz: 3100, Current Mhz: 3100, Mhz Limit: 3100
Processor Information for processor 1
  Max Mhz: 3100, Current Mhz: 3100, Mhz Limit: 3100
Processor Information for processor 2
  Max Mhz: 3100, Current Mhz: 3100, Mhz Limit: 3100
Processor Information for processor 3
  Max Mhz: 3100, Current Mhz: 3100, Mhz Limit: 3100
Processor Information for processor 4
  Max Mhz: 3100, Current Mhz: 3100, Mhz Limit: 3100
Processor Information for processor 5
  Max Mhz: 3100, Current Mhz: 3100, Mhz Limit: 3100
Processor Information for processor 6
  Max Mhz: 3100, Current Mhz: 3100, Mhz Limit: 3100
Processor Information for processor 7
  Max Mhz: 3100, Current Mhz: 3100, Mhz Limit: 3100
Processor Information for processor 8
  Max Mhz: 3100, Current Mhz: 2232, Mhz Limit: 2232
Processor Information for processor 9
  Max Mhz: 3100, Current Mhz: 2232, Mhz Limit: 2232
Processor Information for processor 10
  Max Mhz: 3100, Current Mhz: 2232, Mhz Limit: 2232
Processor Information for processor 11
  Max Mhz: 3100, Current Mhz: 2232, Mhz Limit: 2232
Processor Information for processor 12
  Max Mhz: 3100, Current Mhz: 2232, Mhz Limit: 2232
Processor Information for processor 13
  Max Mhz: 3100, Current Mhz: 2232, Mhz Limit: 2232
Processor Information for processor 14
  Max Mhz: 3100, Current Mhz: 2232, Mhz Limit: 2232
Processor Information for processor 15
  Max Mhz: 3100, Current Mhz: 2232, Mhz Limit: 2232

Memory: 4k page, system-wide physical 16070M (296M free)
TotalPageFile size 32714M (AvailPageFile size 4M)
current process WorkingSet (physical memory assigned to process): 45M, peak: 45M
current process commit charge ("private bytes"): 344M, peak: 345M

vm_info: OpenJDK 64-Bit Server VM (25.0.3+-15898627-b508.16) for windows-amd64 JRE (25.0.3+-15898627-b508.16), built on 2026-07-20T17:54:23Z with MS VC++ 16.10 / 16.11 (VS2019)

END.
